Archive member included because of file (symbol)

c:/winavr-20100110/bin/../lib/gcc/avr/4.3.3/avr5\libgcc.a(_mulsi3.o)
                              USBtoSerial.o (__mulsi3)
c:/winavr-20100110/bin/../lib/gcc/avr/4.3.3/avr5\libgcc.a(_udivmodhi4.o)
                              Display.o (__udivmodhi4)
c:/winavr-20100110/bin/../lib/gcc/avr/4.3.3/avr5\libgcc.a(_divmodhi4.o)
                              SystemTime.o (__divmodhi4)
c:/winavr-20100110/bin/../lib/gcc/avr/4.3.3/avr5\libgcc.a(_udivmodsi4.o)
                              WaterLevelDisplay.o (__udivmodsi4)
c:/winavr-20100110/bin/../lib/gcc/avr/4.3.3/avr5\libgcc.a(_divmodsi4.o)
                              InternalTemperatureMonitor.o (__divmodsi4)
c:/winavr-20100110/bin/../lib/gcc/avr/4.3.3/avr5\libgcc.a(_exit.o)
                              c:/winavr-20100110/bin/../lib/gcc/avr/4.3.3/../../../../avr/lib/avr5/crtm32u4.o (exit)
c:/winavr-20100110/bin/../lib/gcc/avr/4.3.3/avr5\libgcc.a(_copy_data.o)
                              USBTerminal.o (__do_copy_data)
c:/winavr-20100110/bin/../lib/gcc/avr/4.3.3/avr5\libgcc.a(_clear_bss.o)
                              USBTerminal.o (__do_clear_bss)
c:/winavr-20100110/bin/../lib/gcc/avr/4.3.3/../../../../avr/lib/avr5\libc.a(memcpy_P.o)
                              ../../../LUFA/Drivers/USB/Class/Device/RNDISClassDevice.o (memcpy_P)
c:/winavr-20100110/bin/../lib/gcc/avr/4.3.3/../../../../avr/lib/avr5\libc.a(strlen_P.o)
                              CellularComm_SIM800.o (strlen_P)
c:/winavr-20100110/bin/../lib/gcc/avr/4.3.3/../../../../avr/lib/avr5\libc.a(strncasecmp_P.o)
                              CharStringSpan.o (strncasecmp_P)
c:/winavr-20100110/bin/../lib/gcc/avr/4.3.3/../../../../avr/lib/avr5\libc.a(strncmp_P.o)
                              CharStringSpan.o (strncmp_P)
c:/winavr-20100110/bin/../lib/gcc/avr/4.3.3/../../../../avr/lib/avr5\libc.a(strncpy_P.o)
                              CharString.o (strncpy_P)
c:/winavr-20100110/bin/../lib/gcc/avr/4.3.3/../../../../avr/lib/avr5\libc.a(strstr_P.o)
                              CellularComm_SIM800.o (strstr_P)
c:/winavr-20100110/bin/../lib/gcc/avr/4.3.3/../../../../avr/lib/avr5\libc.a(memcmp.o)
                              ../../../LUFA/Drivers/USB/Class/Device/HIDClassDevice.o (memcmp)
c:/winavr-20100110/bin/../lib/gcc/avr/4.3.3/../../../../avr/lib/avr5\libc.a(memcpy.o)
                              ../../../LUFA/Drivers/USB/Class/Device/HIDClassDevice.o (memcpy)
c:/winavr-20100110/bin/../lib/gcc/avr/4.3.3/../../../../avr/lib/avr5\libc.a(memset.o)
                              ../../../LUFA/Drivers/USB/Class/Device/HIDClassDevice.o (memset)
c:/winavr-20100110/bin/../lib/gcc/avr/4.3.3/../../../../avr/lib/avr5\libc.a(strncpy.o)
                              CharString.o (strncpy)
c:/winavr-20100110/bin/../lib/gcc/avr/4.3.3/../../../../avr/lib/avr5\libc.a(eerd_byte_atmega32u4.o)
                              ../../../LUFA/Drivers/USB/Core/AVR8/EndpointStream_AVR8.o (__eerd_byte_m32u4)
c:/winavr-20100110/bin/../lib/gcc/avr/4.3.3/../../../../avr/lib/avr5\libc.a(eeupd_byte_atmega32u4.o)
                              ../../../LUFA/Drivers/USB/Core/AVR8/EndpointStream_AVR8.o (__eeupd_byte_m32u4)

Allocating common symbols
Common symbol       size              file

USB_IsInitialized   0x1               ../../../LUFA/Drivers/USB/Core/USBTask.o
responseMsg         0x1               SIM800.o
USB_Device_ConfigurationNumber
                    0x1               ../../../LUFA/Drivers/USB/Core/DeviceStandardReq.o
USB_Device_CurrentlySelfPowered
                    0x1               ../../../LUFA/Drivers/USB/Core/DeviceStandardReq.o
USB_ControlRequest  0x8               ../../../LUFA/Drivers/USB/Core/USBTask.o
USB_Device_RemoteWakeupEnabled
                    0x1               ../../../LUFA/Drivers/USB/Core/DeviceStandardReq.o

Discarded input sections

 .data          0x00000000        0x0 c:/winavr-20100110/bin/../lib/gcc/avr/4.3.3/../../../../avr/lib/avr5/crtm32u4.o
 .bss           0x00000000        0x0 c:/winavr-20100110/bin/../lib/gcc/avr/4.3.3/../../../../avr/lib/avr5/crtm32u4.o
 .text          0x00000000        0x0 USBtoSerial.o
 .data          0x00000000        0x0 USBtoSerial.o
 .bss           0x00000000        0x0 USBtoSerial.o
 .text          0x00000000        0x0 Descriptors.o
 .data          0x00000000        0x0 Descriptors.o
 .bss           0x00000000        0x0 Descriptors.o
 .text          0x00000000        0x0 USBTerminal.o
 .text.USBTerminal_sendLineToHostCS
                0x00000000        0x0 USBTerminal.o
 .text.USBTerminal_sendLineToHost
                0x00000000        0x0 USBTerminal.o
 .text          0x00000000        0x0 CellularComm_SIM800.o
 .text.CellularComm_currentTime
                0x00000000        0x0 CellularComm_SIM800.o
 .text.CellularComm_setOutgoingSMSMessageNumber
                0x00000000        0x0 CellularComm_SIM800.o
[...]
Memory Configuration

Name             Origin             Length             Attributes
text             0x00000000         0x00020000         xr
data             0x00800060         0x0000ffa0         rw !x
eeprom           0x00810000         0x00010000         rw !x
fuse             0x00820000         0x00000400         rw !x
lock             0x00830000         0x00000400         rw !x
signature        0x00840000         0x00000400         rw !x
*default*        0x00000000         0xffffffff

Linker script and memory map

Address of section .data set to 0x800100
LOAD c:/winavr-20100110/bin/../lib/gcc/avr/4.3.3/../../../../avr/lib/avr5/crtm32u4.o
LOAD USBtoSerial.o
LOAD Descriptors.o
LOAD USBTerminal.o
LOAD CellularComm_SIM800.o
LOAD CellularTCPIP_SIM800.o
LOAD TCPIPConsole.o
LOAD Console.o
LOAD CommandProcessor.o
LOAD WaterLevelDisplay.o
LOAD Display.o
LOAD TFT_HXD8357D.o
LOAD PowerMonitor.o
LOAD SDCard.o
LOAD SystemTime.o
LOAD SoftwareSerialTx.o
LOAD SoftwareSerialRx0.o
LOAD SIM800.o
LOAD EEPROM_Util.o
LOAD EEPROMStorage.o
LOAD InternalTemperatureMonitor.o
LOAD IOPortBitField.o
LOAD MessageIDQueue.o
LOAD ByteQueue.o
LOAD ADCManager.o
LOAD SPIAsync.o
LOAD StringUtils.o
LOAD CharString.o
LOAD CharStringSpan.o
LOAD DisplayFonts.o
LOAD ../../../LUFA/Drivers/USB/Class/Common/HIDParser.o
LOAD ../../../LUFA/Drivers/USB/Core/AVR8/Device_AVR8.o
LOAD ../../../LUFA/Drivers/USB/Core/AVR8/EndpointStream_AVR8.o
LOAD ../../../LUFA/Drivers/USB/Core/AVR8/Endpoint_AVR8.o
LOAD ../../../LUFA/Drivers/USB/Core/AVR8/Host_AVR8.o
LOAD ../../../LUFA/Drivers/USB/Core/AVR8/PipeStream_AVR8.o
LOAD ../../../LUFA/Drivers/USB/Core/AVR8/Pipe_AVR8.o
LOAD ../../../LUFA/Drivers/USB/Core/AVR8/USBController_AVR8.o
LOAD ../../../LUFA/Drivers/USB/Core/AVR8/USBInterrupt_AVR8.o
LOAD ../../../LUFA/Drivers/USB/Core/ConfigDescriptors.o
LOAD ../../../LUFA/Drivers/USB/Core/DeviceStandardReq.o
LOAD ../../../LUFA/Drivers/USB/Core/Events.o
LOAD ../../../LUFA/Drivers/USB/Core/HostStandardReq.o
LOAD ../../../LUFA/Drivers/USB/Core/USBTask.o
LOAD ../../../LUFA/Drivers/USB/Class/Device/AudioClassDevice.o
LOAD ../../../LUFA/Drivers/USB/Class/Device/CDCClassDevice.o
LOAD ../../../LUFA/Drivers/USB/Class/Device/HIDClassDevice.o
LOAD ../../../LUFA/Drivers/USB/Class/Device/MassStorageClassDevice.o
LOAD ../../../LUFA/Drivers/USB/Class/Device/MIDIClassDevice.o
LOAD ../../../LUFA/Drivers/USB/Class/Device/PrinterClassDevice.o
LOAD ../../../LUFA/Drivers/USB/Class/Device/RNDISClassDevice.o
LOAD ../../../LUFA/Drivers/USB/Class/Host/AndroidAccessoryClassHost.o
LOAD ../../../LUFA/Drivers/USB/Class/Host/AudioClassHost.o
LOAD ../../../LUFA/Drivers/USB/Class/Host/CDCClassHost.o
LOAD ../../../LUFA/Drivers/USB/Class/Host/HIDClassHost.o
LOAD ../../../LUFA/Drivers/USB/Class/Host/MassStorageClassHost.o
LOAD ../../../LUFA/Drivers/USB/Class/Host/MIDIClassHost.o
LOAD ../../../LUFA/Drivers/USB/Class/Host/PrinterClassHost.o
LOAD ../../../LUFA/Drivers/USB/Class/Host/RNDISClassHost.o
LOAD ../../../LUFA/Drivers/USB/Class/Host/StillImageClassHost.o
LOAD RAMSentinel.o
LOAD c:/winavr-20100110/bin/../lib/gcc/avr/4.3.3/../../../../avr/lib/avr5\libm.a
LOAD c:/winavr-20100110/bin/../lib/gcc/avr/4.3.3/avr5\libgcc.a
LOAD c:/winavr-20100110/bin/../lib/gcc/avr/4.3.3/../../../../avr/lib/avr5\libc.a
LOAD c:/winavr-20100110/bin/../lib/gcc/avr/4.3.3/avr5\libgcc.a

.hash
 *(.hash)

.dynsym
 *(.dynsym)

.dynstr
 *(.dynstr)

.gnu.version
 *(.gnu.version)

.gnu.version_d
 *(.gnu.version_d)

.gnu.version_r
 *(.gnu.version_r)

.rel.init
 *(.rel.init)

.rela.init
 *(.rela.init)

.rel.text
 *(.rel.text)
 *(.rel.text.*)
 *(.rel.gnu.linkonce.t*)

.rela.text
 *(.rela.text)
 *(.rela.text.*)
 *(.rela.gnu.linkonce.t*)

.rel.fini
 *(.rel.fini)

.rela.fini
 *(.rela.fini)

.rel.rodata
 *(.rel.rodata)
 *(.rel.rodata.*)
 *(.rel.gnu.linkonce.r*)

.rela.rodata
 *(.rela.rodata)
 *(.rela.rodata.*)
 *(.rela.gnu.linkonce.r*)

.rel.data
 *(.rel.data)
 *(.rel.data.*)
 *(.rel.gnu.linkonce.d*)

.rela.data
 *(.rela.data)
 *(.rela.data.*)
 *(.rela.gnu.linkonce.d*)

.rel.ctors
 *(.rel.ctors)

.rela.ctors
 *(.rela.ctors)

.rel.dtors
 *(.rel.dtors)

.rela.dtors
 *(.rela.dtors)

.rel.got
 *(.rel.got)

.rela.got
 *(.rela.got)

.rel.bss
 *(.rel.bss)

.rela.bss
 *(.rela.bss)

.rel.plt
 *(.rel.plt)

.rela.plt
 *(.rela.plt)

.text           0x00000000     0x7bc8
 *(.vectors)
 .vectors       0x00000000       0xac c:/winavr-20100110/bin/../lib/gcc/avr/4.3.3/../../../../avr/lib/avr5/crtm32u4.o
                0x00000000                __vectors
                0x00000000                __vector_default
 *(.vectors)
 *(.progmem.gcc*)
 *(.progmem*)
 .progmem.data  0x000000ac       0x11 USBtoSerial.o
 .progmem.data  0x000000bd       0x9e Descriptors.o
                0x00000111                ManufacturerString
                0x0000010d                LanguageString
                0x000000bd                DeviceDescriptor
                0x0000012b                ProductString
                0x000000cf                ConfigurationDescriptor
 .progmem.data  0x0000015b        0x3 USBTerminal.o
 .progmem.data  0x0000015e      0x12d CellularComm_SIM800.o
                0x0000015f                smsStatusRecUnread
                0x0000018b                smsStatusStrings
                0x00000197                smsCommandPrefix
                0x0000016a                smsStatusRecRead
                0x00000173                smsStatusStoUnsent
                0x0000015e                smsStatusUndefined
                0x0000017e                smsStatusStoSent
                0x00000187                smsStatusAll
 .progmem.data  0x0000028b       0xa3 CellularTCPIP_SIM800.o
 .progmem.data  0x0000032e        0x5 Console.o
 .progmem.data  0x00000333      0x10c CommandProcessor.o
 .progmem.data  0x0000043f       0x2f WaterLevelDisplay.o
 .progmem.data  0x0000046e       0x1e Display.o
 .progmem.data  0x0000048c       0x35 TFT_HXD8357D.o
                0x0000048c                SETPWR1_params
                0x0000049f                SETGAMMA_params
                0x00000498                SETCYC_params
                0x00000492                SETSTBA_params
 .progmem.data  0x000004c1       0x2e SystemTime.o
                0x000004c1                dayNamesP
 .progmem.data  0x000004ef      0x23f SIM800.o
                0x0000053a                rmOK
                0x0000053d                rmRDY
                0x00000541                rmSEND_FAIL
                0x0000059a                pmCBC
                0x0000057e                SIM800_ResponseMessageTable
                0x00000665                ipsTCP_CONNECTING
                0x0000067f                ipsUDP_CLOSING
                0x000005db                plusMessageTable
                0x000005f5                ipsCONNECT_OK
                0x000004f8                rmCLOSED
                0x000005c9                pmCPIN
                0x00000620                ipsIP_START
                0x0000055b                rmSMS_Ready
                0x000005a8                pmCGATT
                0x00000528                rmNORMAL_POWER_DOWN
                0x00000600                ipsIP_CONFIG
                0x00000659                ipsTCP_CLOSING
                0x00000633                ipsPDP_DEACT
                0x000004ff                rmCONNECT_FAIL
                0x000005ae                pmCIPACK
                0x00000553                rmSHUT_OK
                0x000005bf                pmCMGS
                0x00000615                ipsIP_INITIAL
                0x0000060a                ipsIP_GPRSACT
                0x000005c4                pmCMTI
                0x0000050c                rmCONNECT_OK
                0x000005d3                pmCSQ
                0x00000629                ipsIP_STATUS
                0x00000674                ipsUDP_CLOSED
                0x0000054b                rmSEND_OK
                0x00000565                rmUNDERVOLTAGE_POWER_DOWN
                0x0000064e                ipsTCP_CLOSED
                0x0000059e                pmCCLK
                0x000005ce                pmCREG
                0x00000517                rmCall_Ready
                0x000005b5                pmCMGL
                0x000005d7                pmPDP
                0x000005ba                pmCMGR
                0x00000522                rmERROR
                0x0000063d                ipsSERVER_LISTENING
                0x000005a3                pmCFUN
                0x0000068b                ipsUDP_CONNECTING
                0x0000069a                ipStateTable
                0x000004ef                rmCLOSE_OK
 .progmem.data  0x0000072e       0x21 EEPROMStorage.o
                0x0000073d                passwordP
                0x0000073c                usernameP
                0x0000073e                tzHostAddressP
                0x00000733                apnP
                0x0000072e                tzPinP
 .progmem.data  0x0000074f      0xa53 DisplayFonts.o
                0x0000074f                FreeSans12pt7bBitmaps
                0x00000f00                FreeSans12pt7bGlyphs
                0x00001199                FreeSans12pt7b
                0x000011a2                . = ALIGN (0x2)
                0x000011a2                __trampolines_start = .
 *(.trampolines)
 .trampolines   0x000011a2        0x0 linker stubs
 *(.trampolines*)
                0x000011a2                __trampolines_end = .
 *(.jumptables)
 *(.jumptables*)
 *(.lowtext)
 *(.lowtext*)
                0x000011a2                __ctors_start = .
 *(.ctors)
                0x000011a2                __ctors_end = .
                0x000011a2                __dtors_start = .
 *(.dtors)
                0x000011a2                __dtors_end = .
 SORT(*)(.ctors)
 SORT(*)(.dtors)
 *(.init0)
 .init0         0x000011a2        0x0 c:/winavr-20100110/bin/../lib/gcc/avr/4.3.3/../../../../avr/lib/avr5/crtm32u4.o
                0x000011a2                __init
 *(.init0)
 *(.init1)
 *(.init1)
 *(.init2)
 .init2         0x000011a2        0xc c:/winavr-20100110/bin/../lib/gcc/avr/4.3.3/../../../../avr/lib/avr5/crtm32u4.o
 *(.init2)
 *(.init3)
 *(.init3)
 *(.init4)
 .init4         0x000011ae       0x16 c:/winavr-20100110/bin/../lib/gcc/avr/4.3.3/avr5\libgcc.a(_copy_data.o)
                0x000011ae                __do_copy_data
 .init4         0x000011c4       0x10 c:/winavr-20100110/bin/../lib/gcc/avr/4.3.3/avr5\libgcc.a(_clear_bss.o)
                0x000011c4                __do_clear_bss
 *(.init4)
 *(.init5)
 *(.init5)
 *(.init6)
 *(.init6)
 *(.init7)
 *(.init7)
 *(.init8)
 *(.init8)
 *(.init9)
 .init9         0x000011d4        0x6 c:/winavr-20100110/bin/../lib/gcc/avr/4.3.3/../../../../avr/lib/avr5/crtm32u4.o
 *(.init9)
 *(.text)
 .text          0x000011da        0x4 c:/winavr-20100110/bin/../lib/gcc/avr/4.3.3/../../../../avr/lib/avr5/crtm32u4.o
                0x000011da                __vector_38
                0x000011da                __vector_22
                0x000011da                __vector_28
                0x000011da                __vector_1
                0x000011da                __vector_34
                0x000011da                __vector_24
                0x000011da                __bad_interrupt
                0x000011da                __vector_6
                0x000011da                __vector_31
                0x000011da                __vector_35
                0x000011da                __vector_39
                0x000011da                __vector_3
                0x000011da                __vector_23
                0x000011da                __vector_30
                0x000011da                __vector_25
                0x000011da                __vector_13
                0x000011da                __vector_17
                0x000011da                __vector_19
                0x000011da                __vector_7
                0x000011da                __vector_41
                0x000011da                __vector_27
                0x000011da                __vector_5
                0x000011da                __vector_33
                0x000011da                __vector_37
                0x000011da                __vector_4
                0x000011da                __vector_2
                0x000011da                __vector_15
                0x000011da                __vector_36
                0x000011da                __vector_29
                0x000011da                __vector_40
                0x000011da                __vector_8
                0x000011da                __vector_26
                0x000011da                __vector_14
                0x000011da                __vector_16
                0x000011da                __vector_18
                0x000011da                __vector_20
                0x000011da                __vector_42
                0x000011de                . = ALIGN (0x2)
 *(.text.*)
 .text.Initialize
                0x000011de       0x56 USBtoSerial.o
                0x000011de                Initialize
 .text.main     0x00001234       0x8c USBtoSerial.o
                0x00001234                main
 .text.CALLBACK_USB_GetDescriptor
                0x000012c0       0x5c Descriptors.o
                0x000012c0                CALLBACK_USB_GetDescriptor
 .text.USBTerminal_isConnected
                0x0000131c        0x6 USBTerminal.o
                0x0000131c                USBTerminal_isConnected
 .text.EVENT_USB_Device_Connect
                0x00001322        0x8 USBTerminal.o
                0x00001322                EVENT_USB_Device_Connect
 .text.EVENT_USB_Device_Disconnect
                0x0000132a        0x6 USBTerminal.o
                0x0000132a                EVENT_USB_Device_Disconnect
 .text.EVENT_CDC_Device_LineEncodingChanged
                0x00001330        0x2 USBTerminal.o
                0x00001330                EVENT_CDC_Device_LineEncodingChanged
 .text.EVENT_USB_Device_ControlRequest
                0x00001332        0x8 USBTerminal.o
                0x00001332                EVENT_USB_Device_ControlRequest
 .text.EVENT_USB_Device_ConfigurationChanged
                0x0000133a        0x8 USBTerminal.o
                0x0000133a                EVENT_USB_Device_ConfigurationChanged
 .text.USBTerminal_Initialize
                0x00001342       0x14 USBTerminal.o
                0x00001342                USBTerminal_Initialize
 .text.USBTerminal_sendCharsToHostCSS
                0x00001356       0x4a USBTerminal.o
                0x00001356                USBTerminal_sendCharsToHostCSS
 .text.USBTerminal_sendCharsToHostP
                0x000013a0       0x3e USBTerminal.o
                0x000013a0                USBTerminal_sendCharsToHostP
 .text.USBTerminal_sendLineToHostCSS
                0x000013de        0x8 USBTerminal.o
                0x000013de                USBTerminal_sendLineToHostCSS
 .text.USBTerminal_sendLineToHostP
                0x000013e6        0x8 USBTerminal.o
                0x000013e6                USBTerminal_sendLineToHostP
 .text.USBTerminal_task
                0x000013ee       0xae USBTerminal.o
                0x000013ee                USBTerminal_task
 .text.USBTerminal_sendCharsToHostCS
                0x0000149c       0x32 USBTerminal.o
                0x0000149c                USBTerminal_sendCharsToHostCS
 .text.USBTerminal_sendCharsToHost
                0x000014ce       0x46 USBTerminal.o
                0x000014ce                USBTerminal_sendCharsToHost
 .text.imageOfMessageStatus
                0x00001514       0x14 CellularComm_SIM800.o
                0x00001514                imageOfMessageStatus
 .text.CFUNCallback
                0x00001528        0xc CellularComm_SIM800.o
 .text.CSQCallback
                0x00001534        0xc CellularComm_SIM800.o
 .text.CREGCallback
                0x00001540        0xc CellularComm_SIM800.o
 .text.CCLKCallback
                0x0000154c       0x18 CellularComm_SIM800.o
 .text.CBCCallback
                0x00001564       0x12 CellularComm_SIM800.o
 .text.promptCallback
                0x00001576        0x8 CellularComm_SIM800.o
 .text.CellularComm_Enable
                0x0000157e        0x8 CellularComm_SIM800.o
                0x0000157e                CellularComm_Enable
 .text.CellularComm_Disable
                0x00001586        0x6 CellularComm_SIM800.o
                0x00001586                CellularComm_Disable
 .text.CellularComm_isEnabled
                0x0000158c       0x10 CellularComm_SIM800.o
                0x0000158c                CellularComm_isEnabled
 .text.CellularComm_gotRegistrationStatus
                0x0000159c       0x22 CellularComm_SIM800.o
                0x0000159c                CellularComm_gotRegistrationStatus
 .text.CellularComm_registrationStatus
                0x000015be        0x6 CellularComm_SIM800.o
                0x000015be                CellularComm_registrationStatus
 .text.CellularComm_isRegistered
                0x000015c4       0x1c CellularComm_SIM800.o
                0x000015c4                CellularComm_isRegistered
 .text.CellularComm_SignalQuality
                0x000015e0        0x6 CellularComm_SIM800.o
                0x000015e0                CellularComm_SignalQuality
 .text.CellularComm_state
                0x000015e6        0x8 CellularComm_SIM800.o
                0x000015e6                CellularComm_state
 .text.CellularComm_stateIsTCPIPSubtask
                0x000015ee        0xc CellularComm_SIM800.o
                0x000015ee                CellularComm_stateIsTCPIPSubtask
 .text.CellularComm_batteryMillivolts
                0x000015fa        0xa CellularComm_SIM800.o
                0x000015fa                CellularComm_batteryMillivolts
 .text.CellularComm_batteryPercent
                0x00001604        0x6 CellularComm_SIM800.o
                0x00001604                CellularComm_batteryPercent
 .text.CPINCallback
                0x0000160a       0x18 CellularComm_SIM800.o
 .text.sendSIM800CommandP
                0x00001622       0x20 CellularComm_SIM800.o
 .text.CellularComm_requestRegistrationStatus
                0x00001642       0x12 CellularComm_SIM800.o
                0x00001642                CellularComm_requestRegistrationStatus
 .text.sendCSQCommand
                0x00001654        0xa CellularComm_SIM800.o
 .text.sendCBCCommand
                0x0000165e        0x6 CellularComm_SIM800.o
 .text.responseCallback
                0x00001664        0xc CellularComm_SIM800.o
 .text.sendSIM800CommandCS
                0x00001670       0x20 CellularComm_SIM800.o
 .text.CellularComm_task
                0x00001690      0x574 CellularComm_SIM800.o
                0x00001690                CellularComm_task
 .text.CellularComm_Initialize
                0x00001c04       0xa2 CellularComm_SIM800.o
                0x00001c04                CellularComm_Initialize
 .text.CMTICallback
                0x00001ca6       0x22 CellularComm_SIM800.o
 .text.messageStatusFromString
                0x00001cc8       0x6a CellularComm_SIM800.o
                0x00001cc8                messageStatusFromString
 .text.SMSCMGRCallback
                0x00001d32       0x50 CellularComm_SIM800.o
 .text.resetSubtask
                0x00001d82        0xa CellularTCPIP_SIM800.o
 .text.setConnectionStatus
                0x00001d8c       0x14 CellularTCPIP_SIM800.o
 .text.endSubtask
                0x00001da0       0x32 CellularTCPIP_SIM800.o
 .text.CGATTCallback
                0x00001dd2        0x6 CellularTCPIP_SIM800.o
 .text.IPAddressCallback
                0x00001dd8        0x8 CellularTCPIP_SIM800.o
 .text.IPStateCallback
                0x00001de0        0x6 CellularTCPIP_SIM800.o
 .text.promptCallback
                0x00001de6        0x8 CellularTCPIP_SIM800.o
 .text.dataAcceptCallback
                0x00001dee        0x8 CellularTCPIP_SIM800.o
 .text.CellularTCPIP_connectionStatus
                0x00001df6        0x6 CellularTCPIP_SIM800.o
                0x00001df6                CellularTCPIP_connectionStatus
 .text.CellularTCPIP_sendData
                0x00001dfc       0x1c CellularTCPIP_SIM800.o
                0x00001dfc                CellularTCPIP_sendData
 .text.CellularTCPIP_disconnect
                0x00001e18        0x8 CellularTCPIP_SIM800.o
                0x00001e18                CellularTCPIP_disconnect
 .text.CellularTCPIP_notifyConnectionClosed
                0x00001e20        0xe CellularTCPIP_SIM800.o
                0x00001e20                CellularTCPIP_notifyConnectionClosed
 .text.responseMessageCallback
                0x00001e2e        0xc CellularTCPIP_SIM800.o
                0x00001e2e                responseMessageCallback
 .text.CellularTCPIP_hasSubtaskWorkToDo
                0x00001e3a       0x1c CellularTCPIP_SIM800.o
                0x00001e3a                CellularTCPIP_hasSubtaskWorkToDo
 .text.CellularTCPIP_state
                0x00001e56        0x8 CellularTCPIP_SIM800.o
                0x00001e56                CellularTCPIP_state
 .text.CellularTCPIP_writeDataCSS
                0x00001e5e        0x6 CellularTCPIP_SIM800.o
                0x00001e5e                CellularTCPIP_writeDataCSS
 .text.CellularTCPIP_writeDataCS
                0x00001e64        0x6 CellularTCPIP_SIM800.o
                0x00001e64                CellularTCPIP_writeDataCS
 .text.CellularTCPIP_availableSpaceForWriteData
                0x00001e6a        0x6 CellularTCPIP_SIM800.o
                0x00001e6a                CellularTCPIP_availableSpaceForWriteData
 .text.waitBeforeRequestingIPState
                0x00001e70       0x14 CellularTCPIP_SIM800.o
 .text.sendSIM800CommandP
                0x00001e84       0x2a CellularTCPIP_SIM800.o
 .text.sendSIM800CommandCS
                0x00001eae       0x2a CellularTCPIP_SIM800.o
 .text.requestIPState
                0x00001ed8       0x16 CellularTCPIP_SIM800.o
 .text.CellularTCPIP_Subtask
                0x00001eee      0x43e CellularTCPIP_SIM800.o
                0x00001eee                CellularTCPIP_Subtask
 .text.CellularTCPIP_connect
                0x0000232c       0x60 CellularTCPIP_SIM800.o
                0x0000232c                CellularTCPIP_connect
 .text.CellularTCPIP_Initialize
                0x0000238c       0x4c CellularTCPIP_SIM800.o
                0x0000238c                CellularTCPIP_Initialize
 .text.statusCallback
                0x000023d8        0x2 TCPIPConsole.o
 .text.TCPIPConsole_isEnabled
                0x000023da        0x6 TCPIPConsole.o
                0x000023da                TCPIPConsole_isEnabled
 .text.TCPIPConsole_setDataReceiver
                0x000023e0        0xa TCPIPConsole.o
                0x000023e0                TCPIPConsole_setDataReceiver
 .text.TCPIPConsole_sendData
                0x000023ea       0x12 TCPIPConsole.o
                0x000023ea                TCPIPConsole_sendData
 .text.TCPIPConsole_readyToSend
                0x000023fc       0x24 TCPIPConsole.o
                0x000023fc                TCPIPConsole_readyToSend
 .text.TCPIPConsole_restoreEnablement
                0x00002420        0xa TCPIPConsole.o
                0x00002420                TCPIPConsole_restoreEnablement
 .text.TCPIPConsole_disable
                0x0000242a       0x10 TCPIPConsole.o
                0x0000242a                TCPIPConsole_disable
 .text.TCPIPConsole_enable
                0x0000243a       0x12 TCPIPConsole.o
                0x0000243a                TCPIPConsole_enable
 .text.TCPIPConsole_task
                0x0000244c      0x138 TCPIPConsole.o
                0x0000244c                TCPIPConsole_task
 .text.TCPIPConsole_Initialize
                0x00002584       0x2a TCPIPConsole.o
                0x00002584                TCPIPConsole_Initialize
 .text.consoleIsConnected
                0x000025ae        0x6 Console.o
 .text.Console_printCSS
                0x000025b4       0x18 Console.o
                0x000025b4                Console_printCSS
 .text.Console_printCS
                0x000025cc       0x32 Console.o
                0x000025cc                Console_printCS
 .text.Console_printP
                0x000025fe       0x1a Console.o
                0x000025fe                Console_printP
 .text.Console_task
                0x00002618      0x136 Console.o
                0x00002618                Console_task
 .text.Console_Initialize
                0x0000274e        0xc Console.o
                0x0000274e                Console_Initialize
 .text.scanIntegerU32Token
                0x0000275a       0x52 CommandProcessor.o
 .text.continueJSON
                0x000027ac        0x8 CommandProcessor.o
 .text.endJSON  0x000027b4        0x8 CommandProcessor.o
 .text.appendJSONStrValue
                0x000027bc       0x48 CommandProcessor.o
 .text.appendJSONTimeValue
                0x00002804       0x4c CommandProcessor.o
 .text.beginJSON
                0x00002850       0x1a CommandProcessor.o
 .text.appendJSONIntValue
                0x0000286a       0x46 CommandProcessor.o
 .text.makeJSONIntValue
                0x000028b0       0x30 CommandProcessor.o
 .text.scanIntegerToken
                0x000028e0       0x44 CommandProcessor.o
 .text.CommandProcessor_createStatusMessage
                0x00002924      0x16a CommandProcessor.o
                0x00002924                CommandProcessor_createStatusMessage
 .text.CommandProcessor_executeCommand
                0x00002a8e      0x646 CommandProcessor.o
                0x00002a8e                CommandProcessor_executeCommand
 .text.TCPIPSendCompletionCallaback
                0x000030d4       0x10 WaterLevelDisplay.o
 .text.WaterLevelDisplay_Initialize
                0x000030e4        0xe WaterLevelDisplay.o
                0x000030e4                WaterLevelDisplay_Initialize
 .text.WaterLevelDisplay_taskIsIdle
                0x000030f2       0x10 WaterLevelDisplay.o
                0x000030f2                WaterLevelDisplay_taskIsIdle
 .text.WaterLevelDisplay_state
                0x00003102        0x6 WaterLevelDisplay.o
                0x00003102                WaterLevelDisplay_state
 .text.initiatePowerdown
                0x00003108       0x1a WaterLevelDisplay.o
                0x00003108                initiatePowerdown
 .text.transitionPerCommandMode
                0x00003122       0x12 WaterLevelDisplay.o
                0x00003122                transitionPerCommandMode
 .text.IPDataCallback
                0x00003134       0x8c WaterLevelDisplay.o
 .text.WaterLevelDisplay_task
                0x000031c0      0x2fa WaterLevelDisplay.o
                0x000031c0                WaterLevelDisplay_task
 .text.replyDataSender
                0x000034ba       0x64 WaterLevelDisplay.o
 .text.sampleDataSender
                0x0000351e      0x190 WaterLevelDisplay.o
 .text.rectangleSource
                0x000036ae      0x21e Display.o
 .text.Display_Initialize
                0x000038cc       0x40 Display.o
                0x000038cc                Display_Initialize
 .text.Display_setWaterLevel
                0x0000390c       0x7e Display.o
                0x0000390c                Display_setWaterLevel
 .text.Display_task
                0x0000398a       0x46 Display.o
                0x0000398a                Display_task
 .text.textSource
                0x000039d0      0x4cc Display.o
 .text.spiWrite
                0x00003e9c        0xa TFT_HXD8357D.o
 .text.spiWrite16
                0x00003ea6       0x24 TFT_HXD8357D.o
 .text.spiWriteP
                0x00003eca       0x18 TFT_HXD8357D.o
 .text.systemTimeTick
                0x00003ee2       0x3a TFT_HXD8357D.o
 .text.writeCommand
                0x00003f1c        0xe TFT_HXD8357D.o
 .text.TFT_HXD8357D_setRectangleSource
                0x00003f2a        0xa TFT_HXD8357D.o
                0x00003f2a                TFT_HXD8357D_setRectangleSource
 .text.TFT_HXD8357D_setTextSource
                0x00003f34        0xa TFT_HXD8357D.o
                0x00003f34                TFT_HXD8357D_setTextSource
 .text.TFT_HXD8357D_setBacklightBrightness
                0x00003f3e        0x6 TFT_HXD8357D.o
                0x00003f3e                TFT_HXD8357D_setBacklightBrightness
 .text.TFT_HXD8357D_task
                0x00003f44      0x5c4 TFT_HXD8357D.o
                0x00003f44                TFT_HXD8357D_task
 .text.TFT_HXD8357D_Initialize
                0x00004508       0x46 TFT_HXD8357D.o
                0x00004508                TFT_HXD8357D_Initialize
 .text.PowerMonitor_pumpOn
                0x0000454e        0x6 PowerMonitor.o
                0x0000454e                PowerMonitor_pumpOn
 .text.PowerMonitor_mainsOn
                0x00004554        0x6 PowerMonitor.o
                0x00004554                PowerMonitor_mainsOn
 .text.PowerMonitor_task
                0x0000455a       0xe6 PowerMonitor.o
                0x0000455a                PowerMonitor_task
 .text.PowerMonitor_Initialize
                0x00004640       0x50 PowerMonitor.o
                0x00004640                PowerMonitor_Initialize
 .text.SDCard_Initialize
                0x00004690        0xa SDCard.o
                0x00004690                SDCard_Initialize
 .text.SystemTime_registerForTickNotification
                0x0000469a       0x20 SystemTime.o
                0x0000469a                SystemTime_registerForTickNotification
 .text.SystemTime_getCurrentTime
                0x000046ba       0x28 SystemTime.o
                0x000046ba                SystemTime_getCurrentTime
 .text.SystemTime_uptime
                0x000046e2       0x1c SystemTime.o
                0x000046e2                SystemTime_uptime
 .text.SystemTime_futureTime
                0x000046fe       0xa6 SystemTime.o
                0x000046fe                SystemTime_futureTime
 .text.SystemTime_timeHasArrived
                0x000047a4       0x74 SystemTime.o
                0x000047a4                SystemTime_timeHasArrived
 .text.SystemTime_applyTimeAdjustment
                0x00004818       0x60 SystemTime.o
                0x00004818                SystemTime_applyTimeAdjustment
 .text.SystemTime_shuttingDown
                0x00004878        0x6 SystemTime.o
                0x00004878                SystemTime_shuttingDown
 .text.SystemTime_getTaskTickRange
                0x0000487e       0x12 SystemTime.o
                0x0000487e                SystemTime_getTaskTickRange
 .text.SystemTime_resetTaskTickRange
                0x00004890        0xc SystemTime.o
                0x00004890                SystemTime_resetTaskTickRange
 .text.SystemTime_dayOfWeek
                0x0000489c       0x2a SystemTime.o
                0x0000489c                SystemTime_dayOfWeek
 .text.SystemTime_hours
                0x000048c6       0x2a SystemTime.o
                0x000048c6                SystemTime_hours
 .text.SystemTime_minutes
                0x000048f0       0x2a SystemTime.o
                0x000048f0                SystemTime_minutes
 .text.SystemTime_seconds
                0x0000491a       0x1a SystemTime.o
                0x0000491a                SystemTime_seconds
 .text.__vector_32
                0x00004934      0x110 SystemTime.o
                0x00004934                __vector_32
 .text.__vector_12
                0x00004a44       0x14 SystemTime.o
                0x00004a44                __vector_12
 .text.SystemTime_appendToString
                0x00004a58       0x8a SystemTime.o
                0x00004a58                SystemTime_appendToString
 .text.SystemTime_commenceShutdown
                0x00004ae2       0x86 SystemTime.o
                0x00004ae2                SystemTime_commenceShutdown
 .text.SystemTime_task
                0x00004b68       0xb4 SystemTime.o
                0x00004b68                SystemTime_task
 .text.SystemTime_setTimeAdjustment
                0x00004c1c       0xbe SystemTime.o
                0x00004c1c                SystemTime_setTimeAdjustment
 .text.SystemTime_Initialize
                0x00004cda       0xb6 SystemTime.o
                0x00004cda                SystemTime_Initialize
 .text.SoftwareSerialTx_enable
                0x00004d90       0x14 SoftwareSerialTx.o
                0x00004d90                SoftwareSerialTx_enable
 .text.SoftwareSerialTx_availableSpace
                0x00004da4       0x32 SoftwareSerialTx.o
                0x00004da4                SoftwareSerialTx_availableSpace
 .text.SoftwareSerialTx_sendChar
                0x00004dd6       0x20 SoftwareSerialTx.o
                0x00004dd6                SoftwareSerialTx_sendChar
 .text.SoftwareSerialTx_sendCSS
                0x00004df6       0x50 SoftwareSerialTx.o
                0x00004df6                SoftwareSerialTx_sendCSS
 .text.SoftwareSerialTx_sendP
                0x00004e46       0x76 SoftwareSerialTx.o
                0x00004e46                SoftwareSerialTx_sendP
 .text.SoftwareSerialTx_sendCS
                0x00004ebc       0x3e SoftwareSerialTx.o
                0x00004ebc                SoftwareSerialTx_sendCS
 .text.SoftwareSerialTx_open
                0x00004efa       0x54 SoftwareSerialTx.o
                0x00004efa                SoftwareSerialTx_open
 .text.SoftwareSerialTx_Initialize
                0x00004f4e       0x26 SoftwareSerialTx.o
                0x00004f4e                SoftwareSerialTx_Initialize
 .text.setTxBit
                0x00004f74       0x10 SoftwareSerialTx.o
 .text.systemTimeTickTask
                0x00004f84       0x98 SoftwareSerialTx.o
 .text.rxBit    0x0000501c       0x12 SoftwareSerialRx0.o
 .text.SoftwareSerialRx0_enable
                0x0000502e       0x1e SoftwareSerialRx0.o
                0x0000502e                SoftwareSerialRx0_enable
 .text.SoftwareSerial_rx0Queue
                0x0000504c        0x6 SoftwareSerialRx0.o
                0x0000504c                SoftwareSerial_rx0Queue
 .text.__vector_9
                0x00005052       0x6c SoftwareSerialRx0.o
                0x00005052                __vector_9
 .text.__vector_21
                0x000050be       0xd2 SoftwareSerialRx0.o
                0x000050be                __vector_21
 .text.SoftwareSerialRx0_Initialize
                0x00005190       0x2a SoftwareSerialRx0.o
                0x00005190                SoftwareSerialRx0_Initialize
 .text.assertOnKey
                0x000051ba        0x4 SIM800.o
 .text.deassertOnKey
                0x000051be        0x4 SIM800.o
 .text.SIM800_powerOn
                0x000051c2        0x8 SIM800.o
                0x000051c2                SIM800_powerOn
 .text.SIM800_powerOff
                0x000051ca        0x6 SIM800.o
                0x000051ca                SIM800_powerOff
 .text.SIM800_status
                0x000051d0       0x38 SIM800.o
                0x000051d0                SIM800_status
 .text.SIM800_setResponseMessageCallback
                0x00005208        0xa SIM800.o
                0x00005208                SIM800_setResponseMessageCallback
 .text.SIM800_setIPStateCallback
                0x00005212        0xa SIM800.o
                0x00005212                SIM800_setIPStateCallback
 .text.SIM800_setIPAddressCallback
                0x0000521c        0xa SIM800.o
                0x0000521c                SIM800_setIPAddressCallback
 .text.SIM800_setIPDataCallback
                0x00005226        0xa SIM800.o
                0x00005226                SIM800_setIPDataCallback
 .text.SIM800_setDataAcceptCallback
                0x00005230        0xa SIM800.o
                0x00005230                SIM800_setDataAcceptCallback
 .text.SIM800_setPDPDeactCallback
                0x0000523a        0xa SIM800.o
                0x0000523a                SIM800_setPDPDeactCallback
 .text.SIM800_setCGATTCallback
                0x00005244        0xa SIM800.o
                0x00005244                SIM800_setCGATTCallback
 .text.SIM800_setSMSMessageReceivedCallback
                0x0000524e        0xa SIM800.o
                0x0000524e                SIM800_setSMSMessageReceivedCallback
 .text.SIM800_setCFUNCallback
                0x00005258        0xa SIM800.o
                0x00005258                SIM800_setCFUNCallback
 .text.SIM800_setCSQCallback
                0x00005262        0xa SIM800.o
                0x00005262                SIM800_setCSQCallback
 .text.SIM800_setCREGCallback
                0x0000526c        0xa SIM800.o
                0x0000526c                SIM800_setCREGCallback
 .text.SIM800_setCMTICallback
                0x00005276        0xa SIM800.o
                0x00005276                SIM800_setCMTICallback
 .text.SIM800_setCPINCallback
                0x00005280        0xa SIM800.o
                0x00005280                SIM800_setCPINCallback
 .text.SIM800_setCCLKCallback
                0x0000528a        0xa SIM800.o
                0x0000528a                SIM800_setCCLKCallback
 .text.SIM800_setCBCCallback
                0x00005294        0xa SIM800.o
                0x00005294                SIM800_setCBCCallback
 .text.SIM800_setPromptCallback
                0x0000529e        0xa SIM800.o
                0x0000529e                SIM800_setPromptCallback
 .text.SIM800_sendCtrlZ
                0x000052a8        0x6 SIM800.o
                0x000052a8                SIM800_sendCtrlZ
 .text.SIM800_sendLineCS
                0x000052ae        0xc SIM800.o
                0x000052ae                SIM800_sendLineCS
 .text.SIM800_sendStringCS
                0x000052ba        0x6 SIM800.o
                0x000052ba                SIM800_sendStringCS
 .text.SIM800_sendStringCSS
                0x000052c0        0x6 SIM800.o
                0x000052c0                SIM800_sendStringCSS
 .text.SIM800_sendStringP
                0x000052c6        0x6 SIM800.o
                0x000052c6                SIM800_sendStringP
 .text.SIM800_sendLineP
                0x000052cc        0x8 SIM800.o
                0x000052cc                SIM800_sendLineP
 .text.SIM800_availableSpaceForSend
                0x000052d4        0x4 SIM800.o
                0x000052d4                SIM800_availableSpaceForSend
 .text.scanCCLKField
                0x000052d8       0x56 SIM800.o
 .text.readCMGR
                0x0000532e       0x6c SIM800.o
 .text.SIM800_task
                0x0000539a      0x77c SIM800.o
                0x0000539a                SIM800_task
 .text.SIM800_Initialize
                0x00005b16       0xb2 SIM800.o
                0x00005b16                SIM800_Initialize
 .text.EEPROM_write
                0x00005bc8       0x12 EEPROM_Util.o
                0x00005bc8                EEPROM_write
 .text.EEPROM_read
                0x00005bda       0x10 EEPROM_Util.o
                0x00005bda                EEPROM_read
 .text.EEPROM_writeString
                0x00005bea       0x5e EEPROM_Util.o
                0x00005bea                EEPROM_writeString
 .text.EEPROM_haveString
                0x00005c48        0x8 EEPROM_Util.o
                0x00005c48                EEPROM_haveString
 .text.EEPROM_writeWord
                0x00005c50       0x1c EEPROM_Util.o
                0x00005c50                EEPROM_writeWord
 .text.EEPROM_readWord
                0x00005c6c       0x2a EEPROM_Util.o
                0x00005c6c                EEPROM_readWord
 .text.EEPROM_writeLong
                0x00005c96       0x4c EEPROM_Util.o
                0x00005c96                EEPROM_writeLong
 .text.EEPROM_readLong
                0x00005ce2       0x5e EEPROM_Util.o
                0x00005ce2                EEPROM_readLong
 .text.EEPROM_readString
                0x00005d40       0x26 EEPROM_Util.o
                0x00005d40                EEPROM_readString
 .text.EEPROMStorage_ipConsoleServerPort
                0x00005d66        0x6 EEPROMStorage.o
                0x00005d66                EEPROMStorage_ipConsoleServerPort
 .text.EEPROMStorage_LoggingUpdateDelay
                0x00005d6c        0x6 EEPROMStorage.o
                0x00005d6c                EEPROMStorage_LoggingUpdateDelay
 .text.EEPROMStorage_LoggingUpdateInterval
                0x00005d72        0x6 EEPROMStorage.o
                0x00005d72                EEPROMStorage_LoggingUpdateInterval
 .text.EEPROMStorage_monitorTaskTimeout
                0x00005d78        0x6 EEPROMStorage.o
                0x00005d78                EEPROMStorage_monitorTaskTimeout
 .text.EEPROMStorage_tempCalOffset
                0x00005d7e        0x6 EEPROMStorage.o
                0x00005d7e                EEPROMStorage_tempCalOffset
 .text.EEPROMStorage_rebootInterval
                0x00005d84        0x6 EEPROMStorage.o
                0x00005d84                EEPROMStorage_rebootInterval
 .text.EEPROMStorage_unitID
                0x00005d8a        0x6 EEPROMStorage.o
                0x00005d8a                EEPROMStorage_unitID
 .text.EEPROMStorage_setIPConsoleServerPort
                0x00005d90        0x8 EEPROMStorage.o
                0x00005d90                EEPROMStorage_setIPConsoleServerPort
 .text.EEPROMStorage_setLoggingUpdateDelay
                0x00005d98        0x8 EEPROMStorage.o
                0x00005d98                EEPROMStorage_setLoggingUpdateDelay
 .text.EEPROMStorage_setLoggingUpdateInterval
                0x00005da0        0x8 EEPROMStorage.o
                0x00005da0                EEPROMStorage_setLoggingUpdateInterval
 .text.EEPROMStorage_setMonitorTaskTimeout
                0x00005da8        0x8 EEPROMStorage.o
                0x00005da8                EEPROMStorage_setMonitorTaskTimeout
 .text.EEPROMStorage_setTempCalOffset
                0x00005db0        0x8 EEPROMStorage.o
                0x00005db0                EEPROMStorage_setTempCalOffset
 .text.EEPROMStorage_setRebootInterval
                0x00005db8        0x8 EEPROMStorage.o
                0x00005db8                EEPROMStorage_setRebootInterval
 .text.EEPROMStorage_setUnitID
                0x00005dc0        0x8 EEPROMStorage.o
                0x00005dc0                EEPROMStorage_setUnitID
 .text.EEPROMStorage_getIPConsoleServerAddress
                0x00005dc8        0x8 EEPROMStorage.o
                0x00005dc8                EEPROMStorage_getIPConsoleServerAddress
 .text.EEPROMStorage_getPassword
                0x00005dd0        0x8 EEPROMStorage.o
                0x00005dd0                EEPROMStorage_getPassword
 .text.EEPROMStorage_getUsername
                0x00005dd8        0x8 EEPROMStorage.o
                0x00005dd8                EEPROMStorage_getUsername
 .text.EEPROMStorage_getAPN
                0x00005de0        0x8 EEPROMStorage.o
                0x00005de0                EEPROMStorage_getAPN
 .text.EEPROMStorage_getPIN
                0x00005de8        0x8 EEPROMStorage.o
                0x00005de8                EEPROMStorage_getPIN
 .text.EEPROMStorage_setIPConsoleServerAddress
                0x00005df0        0xc EEPROMStorage.o
                0x00005df0                EEPROMStorage_setIPConsoleServerAddress
 .text.EEPROMStorage_setPassword
                0x00005dfc        0xc EEPROMStorage.o
                0x00005dfc                EEPROMStorage_setPassword
 .text.EEPROMStorage_setUsername
                0x00005e08        0xc EEPROMStorage.o
                0x00005e08                EEPROMStorage_setUsername
 .text.EEPROMStorage_setAPN
                0x00005e14        0xc EEPROMStorage.o
                0x00005e14                EEPROMStorage_setAPN
 .text.EEPROMStorage_setPIN
                0x00005e20        0xc EEPROMStorage.o
                0x00005e20                EEPROMStorage_setPIN
 .text.EEPROMStorage_ipConsoleEnabled
                0x00005e2c        0xc EEPROMStorage.o
                0x00005e2c                EEPROMStorage_ipConsoleEnabled
 .text.EEPROMStorage_LCDMainsOffBrightness
                0x00005e38        0x6 EEPROMStorage.o
                0x00005e38                EEPROMStorage_LCDMainsOffBrightness
 .text.EEPROMStorage_LCDMainsOnBrightness
                0x00005e3e        0x6 EEPROMStorage.o
                0x00005e3e                EEPROMStorage_LCDMainsOnBrightness
 .text.EEPROMStorage_cipqsend
                0x00005e44        0x6 EEPROMStorage.o
                0x00005e44                EEPROMStorage_cipqsend
 .text.EEPROMStorage_utcOffset
                0x00005e4a        0x6 EEPROMStorage.o
                0x00005e4a                EEPROMStorage_utcOffset
 .text.EEPROMStorage_setIPConsoleEnabled
                0x00005e50        0x8 EEPROMStorage.o
                0x00005e50                EEPROMStorage_setIPConsoleEnabled
 .text.EEPROMStorage_setLCDMainsOffBrightness
                0x00005e58        0x8 EEPROMStorage.o
                0x00005e58                EEPROMStorage_setLCDMainsOffBrightness
 .text.EEPROMStorage_setLCDMainsOnBrightness
                0x00005e60        0x8 EEPROMStorage.o
                0x00005e60                EEPROMStorage_setLCDMainsOnBrightness
 .text.EEPROMStorage_setCipqsend
                0x00005e68        0x8 EEPROMStorage.o
                0x00005e68                EEPROMStorage_setCipqsend
 .text.EEPROMStorage_setTimeoutState
                0x00005e70        0x8 EEPROMStorage.o
                0x00005e70                EEPROMStorage_setTimeoutState
 .text.EEPROMStorage_setNotification
                0x00005e78        0x8 EEPROMStorage.o
                0x00005e78                EEPROMStorage_setNotification
 .text.EEPROMStorage_setUTCOffset
                0x00005e80        0x8 EEPROMStorage.o
                0x00005e80                EEPROMStorage_setUTCOffset
 .text.EEPROMStorage_havePassword
                0x00005e88        0x6 EEPROMStorage.o
                0x00005e88                EEPROMStorage_havePassword
 .text.EEPROMStorage_haveUsername
                0x00005e8e        0x6 EEPROMStorage.o
                0x00005e8e                EEPROMStorage_haveUsername
 .text.EEPROMStorage_lastRebootTimeSec
                0x00005e94        0x6 EEPROMStorage.o
                0x00005e94                EEPROMStorage_lastRebootTimeSec
 .text.EEPROMStorage_setLastRebootTimeSec
                0x00005e9a        0xa EEPROMStorage.o
                0x00005e9a                EEPROMStorage_setLastRebootTimeSec
 .text.getCharStringSpanFromP
                0x00005ea4       0x30 EEPROMStorage.o
 .text.EEPROMStorage_Initialize
                0x00005ed4      0x106 EEPROMStorage.o
                0x00005ed4                EEPROMStorage_Initialize
 .text.InternalTemperatureMonitor_haveValidSample
                0x00005fda        0x6 InternalTemperatureMonitor.o
                0x00005fda                InternalTemperatureMonitor_haveValidSample
 .text.InternalTemperatureMonitor_task
                0x00005fe0       0x74 InternalTemperatureMonitor.o
                0x00005fe0                InternalTemperatureMonitor_task
 .text.InternalTemperatureMonitor_currentTemperature
                0x00006054       0x5a InternalTemperatureMonitor.o
                0x00006054                InternalTemperatureMonitor_currentTemperature
 .text.InternalTemperatureMonitor_Initialize
                0x000060ae       0x20 InternalTemperatureMonitor.o
                0x000060ae                InternalTemperatureMonitor_Initialize
 .text.IOPortBitfield_init
                0x000060ce       0x86 IOPortBitField.o
                0x000060ce                IOPortBitfield_init
 .text.IOPortBitfield_set
                0x00006154       0x2e IOPortBitField.o
                0x00006154                IOPortBitfield_set
 .text.IOPortBitfield_clear
                0x00006182       0x34 IOPortBitField.o
                0x00006182                IOPortBitfield_clear
 .text.MessageIDQueue_init
                0x000061b6        0xa MessageIDQueue.o
                0x000061b6                MessageIDQueue_init
 .text.MessageIDQueue_isEmpty
                0x000061c0       0x10 MessageIDQueue.o
                0x000061c0                MessageIDQueue_isEmpty
 .text.MessageIDQueue_isFull
                0x000061d0       0x10 MessageIDQueue.o
                0x000061d0                MessageIDQueue_isFull
 .text.MessageIDQueue_insert
                0x000061e0       0x38 MessageIDQueue.o
                0x000061e0                MessageIDQueue_insert
 .text.MessageIDQueue_remove
                0x00006218       0x30 MessageIDQueue.o
                0x00006218                MessageIDQueue_remove
 .text.ByteQueue_clear
                0x00006248       0x16 ByteQueue.o
                0x00006248                ByteQueue_clear
 .text.ByteQueue_push
                0x0000625e       0x7e ByteQueue.o
                0x0000625e                ByteQueue_push
 .text.ByteQueue_pop
                0x000062dc       0x64 ByteQueue.o
                0x000062dc                ByteQueue_pop
 .text.ADC_StartConversion
                0x00006340       0x2e ADCManager.o
 .text.ADC_ConversionIsFinished
                0x0000636e       0x14 ADCManager.o
 .text.ADCManager_Initialize
                0x00006382       0x18 ADCManager.o
                0x00006382                ADCManager_Initialize
 .text.ADCManager_setupChannel
                0x0000639a       0x78 ADCManager.o
                0x0000639a                ADCManager_setupChannel
 .text.ADCManager_task
                0x00006412       0x2c ADCManager.o
                0x00006412                ADCManager_task
 .text.ADCManager_StartConversion
                0x0000643e       0x24 ADCManager.o
                0x0000643e                ADCManager_StartConversion
 .text.ADCManager_ConversionIsComplete
                0x00006462       0x3c ADCManager.o
                0x00006462                ADCManager_ConversionIsComplete
 .text.SPIAsync_init
                0x0000649e       0x2a SPIAsync.o
                0x0000649e                SPIAsync_init
 .text.SPIAsync_assertSS
                0x000064c8        0x4 SPIAsync.o
                0x000064c8                SPIAsync_assertSS
 .text.SPIAsync_deassertSS
                0x000064cc        0x4 SPIAsync.o
                0x000064cc                SPIAsync_deassertSS
 .text.StringUtils_skipWhitespace
                0x000064d0       0x36 StringUtils.o
                0x000064d0                StringUtils_skipWhitespace
 .text.StringUtils_lookupString
                0x00006506       0x96 StringUtils.o
                0x00006506                StringUtils_lookupString
 .text.StringUtils_appendDecimal32
                0x0000659c      0x150 StringUtils.o
                0x0000659c                StringUtils_appendDecimal32
 .text.StringUtils_appendDecimal
                0x000066ec       0xec StringUtils.o
                0x000066ec                StringUtils_appendDecimal
 .text.StringUtils_scanIntegerU32
                0x000067d8       0xd8 StringUtils.o
                0x000067d8                StringUtils_scanIntegerU32
 .text.StringUtils_scanInteger
                0x000068b0       0xc8 StringUtils.o
                0x000068b0                StringUtils_scanInteger
 .text.StringUtils_scanToken
                0x00006978       0x5c StringUtils.o
                0x00006978                StringUtils_scanToken
 .text.StringUtils_scanDelimitedString
                0x000069d4       0x96 StringUtils.o
                0x000069d4                StringUtils_scanDelimitedString
 .text.StringUtils_scanQuotedString
                0x00006a6a       0x18 StringUtils.o
                0x00006a6a                StringUtils_scanQuotedString
 .text.CharString_begin
                0x00006a82        0x8 CharString.o
                0x00006a82                CharString_begin
 .text.CharString_end
                0x00006a8a       0x10 CharString.o
                0x00006a8a                CharString_end
 .text.CharString_clear
                0x00006a9a        0xe CharString.o
                0x00006a9a                CharString_clear
 .text.CharString_appendC
                0x00006aa8       0x2e CharString.o
                0x00006aa8                CharString_appendC
 .text.CharString_truncate
                0x00006ad6       0x1a CharString.o
                0x00006ad6                CharString_truncate
 .text.CharString_appendSubstringCS
                0x00006af0       0x42 CharString.o
                0x00006af0                CharString_appendSubstringCS
 .text.CharString_copyIters
                0x00006b32       0x2e CharString.o
                0x00006b32                CharString_copyIters
 .text.CharString_appendCS
                0x00006b60        0xc CharString.o
                0x00006b60                CharString_appendCS
 .text.CharString_appendSubstringP
                0x00006b6c       0x40 CharString.o
                0x00006b6c                CharString_appendSubstringP
 .text.CharString_appendP
                0x00006bac       0x20 CharString.o
                0x00006bac                CharString_appendP
 .text.CharString_append
                0x00006bcc       0x14 CharString.o
                0x00006bcc                CharString_append
 .text.CharStringSpan_extractLeft
                0x00006be0       0x40 CharStringSpan.o
                0x00006be0                CharStringSpan_extractLeft
 .text.CharStringSpan_front
                0x00006c20       0x18 CharStringSpan.o
                0x00006c20                CharStringSpan_front
 .text.CharStringSpan_set
                0x00006c38        0xc CharStringSpan.o
                0x00006c38                CharStringSpan_set
 .text.CharStringSpan_incrBegin
                0x00006c44       0x1a CharStringSpan.o
                0x00006c44                CharStringSpan_incrBegin
 .text.CharStringSpan_compareP
                0x00006c5e       0x78 CharStringSpan.o
                0x00006c5e                CharStringSpan_compareP
 .text.CharStringSpan_equalsP
                0x00006cd6       0x52 CharStringSpan.o
                0x00006cd6                CharStringSpan_equalsP
 .text.CharStringSpan_equalsNocaseP
                0x00006d28       0x52 CharStringSpan.o
                0x00006d28                CharStringSpan_equalsNocaseP
 .text.CharStringSpan_initRight
                0x00006d7a       0x36 CharStringSpan.o
                0x00006d7a                CharStringSpan_initRight
 .text.CharStringSpan_init
                0x00006db0       0x28 CharStringSpan.o
                0x00006db0                CharStringSpan_init
 .text.DisplayFonts_primary
                0x00006dd8        0x6 DisplayFonts.o
                0x00006dd8                DisplayFonts_primary
 .text.DisplayFonts_fontHeight
                0x00006dde        0xe DisplayFonts.o
                0x00006dde                DisplayFonts_fontHeight
 .text.Endpoint_Write_Control_Stream_LE
                0x00006dec       0xd0 ../../../LUFA/Drivers/USB/Core/AVR8/EndpointStream_AVR8.o
                0x00006dec                Endpoint_Write_Control_Stream_LE
 .text.Endpoint_Write_Control_PStream_LE
                0x00006ebc       0xd2 ../../../LUFA/Drivers/USB/Core/AVR8/EndpointStream_AVR8.o
                0x00006ebc                Endpoint_Write_Control_PStream_LE
 .text.Endpoint_ConfigureEndpoint_Prv
                0x00006f8e       0x70 ../../../LUFA/Drivers/USB/Core/AVR8/Endpoint_AVR8.o
                0x00006f8e                Endpoint_ConfigureEndpoint_Prv
 .text.Endpoint_ConfigureEndpointTable
                0x00006ffe       0x78 ../../../LUFA/Drivers/USB/Core/AVR8/Endpoint_AVR8.o
                0x00006ffe                Endpoint_ConfigureEndpointTable
 .text.Endpoint_ClearStatusStage
                0x00007076       0x3e ../../../LUFA/Drivers/USB/Core/AVR8/Endpoint_AVR8.o
                0x00007076                Endpoint_ClearStatusStage
 .text.Endpoint_WaitUntilReady
                0x000070b4       0x62 ../../../LUFA/Drivers/USB/Core/AVR8/Endpoint_AVR8.o
                0x000070b4                Endpoint_WaitUntilReady
 .text.USB_ResetInterface
                0x00007116       0x86 ../../../LUFA/Drivers/USB/Core/AVR8/USBController_AVR8.o
                0x00007116                USB_ResetInterface
 .text.USB_Init
                0x0000719c       0x20 ../../../LUFA/Drivers/USB/Core/AVR8/USBController_AVR8.o
                0x0000719c                USB_Init
 .text.USB_INT_DisableAllInterrupts
                0x000071bc       0x10 ../../../LUFA/Drivers/USB/Core/AVR8/USBInterrupt_AVR8.o
                0x000071bc                USB_INT_DisableAllInterrupts
 .text.USB_INT_ClearAllInterrupts
                0x000071cc        0xa ../../../LUFA/Drivers/USB/Core/AVR8/USBInterrupt_AVR8.o
                0x000071cc                USB_INT_ClearAllInterrupts
 .text.__vector_11
                0x000071d6       0x76 ../../../LUFA/Drivers/USB/Core/AVR8/USBInterrupt_AVR8.o
                0x000071d6                __vector_11
 .text.__vector_10
                0x0000724c      0x18c ../../../LUFA/Drivers/USB/Core/AVR8/USBInterrupt_AVR8.o
                0x0000724c                __vector_10
 .text.USB_Device_ProcessControlRequest
                0x000073d8      0x2d2 ../../../LUFA/Drivers/USB/Core/DeviceStandardReq.o
                0x000073d8                USB_Device_ProcessControlRequest
 .text.USB_Event_Stub
                0x000076aa        0x2 ../../../LUFA/Drivers/USB/Core/Events.o
                0x000076aa                EVENT_USB_Device_WakeUp
                0x000076aa                USB_Event_Stub
                0x000076aa                EVENT_USB_Device_Suspend
                0x000076aa                EVENT_USB_Device_StartOfFrame
                0x000076aa                EVENT_USB_Device_Reset
 .text.USB_USBTask
                0x000076ac       0x28 ../../../LUFA/Drivers/USB/Core/USBTask.o
                0x000076ac                USB_USBTask
 .text.CDC_Device_ReceiveByte
                0x000076d4       0x76 ../../../LUFA/Drivers/USB/Class/Device/CDCClassDevice.o
                0x000076d4                CDC_Device_ReceiveByte
 .text.CDC_Device_Event_Stub
                0x0000774a        0x2 ../../../LUFA/Drivers/USB/Class/Device/CDCClassDevice.o
                0x0000774a                EVENT_CDC_Device_ControLineStateChanged
                0x0000774a                EVENT_CDC_Device_BreakSent
                0x0000774a                CDC_Device_Event_Stub
 .text.CDC_Device_Flush
                0x0000774c       0x66 ../../../LUFA/Drivers/USB/Class/Device/CDCClassDevice.o
                0x0000774c                CDC_Device_Flush
 .text.CDC_Device_USBTask
                0x000077b2       0x2e ../../../LUFA/Drivers/USB/Class/Device/CDCClassDevice.o
                0x000077b2                CDC_Device_USBTask
 .text.CDC_Device_SendByte
                0x000077e0       0x4a ../../../LUFA/Drivers/USB/Class/Device/CDCClassDevice.o
                0x000077e0                CDC_Device_SendByte
 .text.CDC_Device_ConfigureEndpoints
                0x0000782a       0x4e ../../../LUFA/Drivers/USB/Class/Device/CDCClassDevice.o
                0x0000782a                CDC_Device_ConfigureEndpoints
 .text.CDC_Device_ProcessControlRequest
                0x00007878      0x15a ../../../LUFA/Drivers/USB/Class/Device/CDCClassDevice.o
                0x00007878                CDC_Device_ProcessControlRequest
 .text.RAMSentinel_Initialize
                0x000079d2        0x8 RAMSentinel.o
                0x000079d2                RAMSentinel_Initialize
 .text.RAMSentinel_sentinelIntact
                0x000079da       0x16 RAMSentinel.o
                0x000079da                RAMSentinel_sentinelIntact
 .text.libgcc   0x000079f0       0x3e c:/winavr-20100110/bin/../lib/gcc/avr/4.3.3/avr5\libgcc.a(_mulsi3.o)
                0x000079f0                __mulsi3
 .text.libgcc   0x00007a2e       0x28 c:/winavr-20100110/bin/../lib/gcc/avr/4.3.3/avr5\libgcc.a(_udivmodhi4.o)
                0x00007a2e                __udivmodhi4
 .text.libgcc   0x00007a56       0x26 c:/winavr-20100110/bin/../lib/gcc/avr/4.3.3/avr5\libgcc.a(_divmodhi4.o)
                0x00007a56                __divmodhi4
                0x00007a56                _div
 .text.libgcc   0x00007a7c       0x44 c:/winavr-20100110/bin/../lib/gcc/avr/4.3.3/avr5\libgcc.a(_udivmodsi4.o)
                0x00007a7c                __udivmodsi4
 .text.libgcc   0x00007ac0       0x36 c:/winavr-20100110/bin/../lib/gcc/avr/4.3.3/avr5\libgcc.a(_divmodsi4.o)
                0x00007ac0                __divmodsi4
 .text.avr-libc
                0x00007af6       0x12 c:/winavr-20100110/bin/../lib/gcc/avr/4.3.3/../../../../avr/lib/avr5\libc.a(strlen_P.o)
                0x00007af6                strlen_P
 .text.avr-libc
                0x00007b08       0x30 c:/winavr-20100110/bin/../lib/gcc/avr/4.3.3/../../../../avr/lib/avr5\libc.a(strncasecmp_P.o)
                0x00007b08                strncasecmp_P
 .text.avr-libc
                0x00007b38       0x1c c:/winavr-20100110/bin/../lib/gcc/avr/4.3.3/../../../../avr/lib/avr5\libc.a(strncmp_P.o)
                0x00007b38                strncmp_P
 .text.avr-libc
                0x00007b54       0x1e c:/winavr-20100110/bin/../lib/gcc/avr/4.3.3/../../../../avr/lib/avr5\libc.a(strncpy_P.o)
                0x00007b54                strncpy_P
 .text.avr-libc
                0x00007b72       0x34 c:/winavr-20100110/bin/../lib/gcc/avr/4.3.3/../../../../avr/lib/avr5\libc.a(strstr_P.o)
                0x00007b72                strstr_P
 .text.avr-libc
                0x00007ba6       0x1e c:/winavr-20100110/bin/../lib/gcc/avr/4.3.3/../../../../avr/lib/avr5\libc.a(strncpy.o)
                0x00007ba6                strncpy
                0x00007bc4                . = ALIGN (0x2)
 *(.fini9)
 .fini9         0x00007bc4        0x0 c:/winavr-20100110/bin/../lib/gcc/avr/4.3.3/avr5\libgcc.a(_exit.o)
                0x00007bc4                exit
                0x00007bc4                _exit
 *(.fini9)
 *(.fini8)
 *(.fini8)
 *(.fini7)
 *(.fini7)
 *(.fini6)
 *(.fini6)
 *(.fini5)
 *(.fini5)
 *(.fini4)
 *(.fini4)
 *(.fini3)
 *(.fini3)
 *(.fini2)
 *(.fini2)
 *(.fini1)
 *(.fini1)
 *(.fini0)
 .fini0         0x00007bc4        0x4 c:/winavr-20100110/bin/../lib/gcc/avr/4.3.3/avr5\libgcc.a(_exit.o)
 *(.fini0)
                0x00007bc8                _etext = .

.data           0x00800100       0x86 load address 0x00007bc8
                0x00800100                PROVIDE (__data_start, .)
 *(.data)
 .data          0x00800100       0x2f USBTerminal.o
                0x0080010a                ToUSB_Buffer
                0x00800100                FromUSB_Buffer
                0x00800114                VirtualSerial_CDC_Interface
 .data          0x0080012f       0x14 CellularComm_SIM800.o
                0x0080012f                incomingSMSMessagePhoneNumber
                0x00800133                incomingSMSMessageText
                0x0080013b                outgoingSMSMessageText
                0x00800137                outgoingSMSMessagePhoneNumber
                0x0080013f                cpinStatus
 .data          0x00800143        0x4 CellularTCPIP_SIM800.o
                0x00800143                ctHostAddress
 .data          0x00800147        0x8 Console.o
                0x0080014b                commandBuffer
 .data          0x0080014f        0x8 CommandProcessor.o
                0x00800153                CommandProcessor_commandReply
                0x0080014f                CommandProcessor_incomingCommand
 .data          0x00800157        0x4 Display.o
                0x00800157                currentTextString
 .data          0x0080015b       0x14 SoftwareSerialTx.o
 .data          0x0080016f        0xa SoftwareSerialRx0.o
 .data          0x00800179        0xc SIM800.o
                0x00800179                SIM800Response
                0x0080017d                smsMsgStatus
                0x00800181                smsPhoneNumber
 *(.data*)
 *(.rodata)
 *(.rodata*)
 *(.gnu.linkonce.d*)
                0x00800186                . = ALIGN (0x2)
 *fill*         0x00800185        0x1 00
                0x00800186                _edata = .
                0x00800186                PROVIDE (__data_end, .)

.bss            0x00800186      0x5c7
                0x00800186                PROVIDE (__bss_start, .)
 *(.bss)
 .bss           0x00800186       0xa7 USBTerminal.o
                0x00800186                FromUSB_Buffer_buf
                0x00800196                ToUSB_Buffer_buf
 .bss           0x0080022d      0x10e CellularComm_SIM800.o
                0x008002a0                outgoingSMSMessageText_buf
                0x008002f1                cpinStatus_buf
                0x0080023e                incomingSMSMessageText_buf
                0x0080028f                outgoingSMSMessagePhoneNumber_buf
                0x0080022d                incomingSMSMessagePhoneNumber_buf
 .bss           0x0080033b       0x3c CellularTCPIP_SIM800.o
                0x0080033b                ctHostAddress_buf
 .bss           0x00800377        0xd TCPIPConsole.o
 .bss           0x00800384       0x2e Console.o
                0x00800384                commandBuffer_buf
 .bss           0x008003b2       0xb6 CommandProcessor.o
                0x008003b2                CommandProcessor_incomingCommand_buf
                0x00800403                CommandProcessor_commandReply_buf
 .bss           0x00800468       0x17 WaterLevelDisplay.o
 .bss           0x0080047f       0x59 Display.o
                0x0080047f                currentTextString_buf
 .bss           0x008004d8       0x20 TFT_HXD8357D.o
 .bss           0x008004f8       0x15 PowerMonitor.o
 .bss           0x0080050d       0x19 SystemTime.o
 .bss           0x00800526       0xdc SoftwareSerialTx.o
 .bss           0x00800602       0x14 SoftwareSerialRx0.o
 .bss           0x00800616      0x11b SIM800.o
                0x00800616                SIM800Response_buf
                0x008006ea                smsPhoneNumber_buf
                0x008006df                smsMsgStatus_buf
 .bss           0x00800731        0xb InternalTemperatureMonitor.o
 .bss           0x0080073c        0x3 ADCManager.o
 .bss           0x0080073f        0x1 RAMSentinel.o
 *(.bss*)
 *(COMMON)
 COMMON         0x00800740        0x1 SIM800.o
                0x00800740                responseMsg
 COMMON         0x00800741        0x3 ../../../LUFA/Drivers/USB/Core/DeviceStandardReq.o
                0x00800741                USB_Device_ConfigurationNumber
                0x00800742                USB_Device_CurrentlySelfPowered
                0x00800743                USB_Device_RemoteWakeupEnabled
 COMMON         0x00800744        0x9 ../../../LUFA/Drivers/USB/Core/USBTask.o
                0x00800744                USB_IsInitialized
                0x00800745                USB_ControlRequest
                0x0080074d                PROVIDE (__bss_end, .)
                0x00007bc8                __data_load_start = LOADADDR (.data)
                0x00007c4e                __data_load_end = (__data_load_start + SIZEOF (.data))

.noinit         0x0080074d        0x0
                0x0080074d                PROVIDE (__noinit_start, .)
 *(.noinit*)
                0x0080074d                PROVIDE (__noinit_end, .)
                0x0080074d                _end = .
                0x0080074d                PROVIDE (__heap_start, .)

.eeprom         0x00810000       0xed
 *(.eeprom*)
 .eeprom        0x00810000       0xed EEPROMStorage.o
                0x0081005a                password
                0x0081006f                thingspeakEnabled
                0x00810009                cellPIN
                0x0081001e                apn
                0x00810046                username
                0x00810017                loggingUpdateInterval
                0x00810003                lastRebootTimeSec
                0x0081009a                thingspeakWriteKey
                0x008100af                ipConsoleServerAddress
                0x00810013                utcOffset
                0x0081001d                LCDMainsOffBrightness
                0x00810098                thingspeakHostPort
                0x00810019                loggingUpdateDelay
                0x00810070                thingspeakHostAddress
                0x00810001                unitID
                0x0081006e                cipqsend
                0x00810014                monitorTaskTimeout
                0x00810000                initFlag
                0x00810007                rebootInterval
                0x00810011                tempCalOffset
                0x0081001b                timeoutState
                0x00810016                notification
                0x008100ae                ipConsoleEnabled
                0x008100eb                ipConsoleServerPort
                0x0081001c                LCDMainsOnBrightness
                0x008100ed                __eeprom_end = .

.fuse
 *(.fuse)
 *(.lfuse)
 *(.hfuse)
 *(.efuse)

.lock
 *(.lock*)

.signature
 *(.signature*)

.stab
 *(.stab)

.stabstr
 *(.stabstr)

.stab.excl
 *(.stab.excl)

.stab.exclstr
 *(.stab.exclstr)

.stab.index
 *(.stab.index)

.stab.indexstr
 *(.stab.indexstr)

.comment
 *(.comment)

.debug
 *(.debug)

.line
 *(.line)

.debug_srcinfo
 *(.debug_srcinfo)

.debug_sfnames
 *(.debug_sfnames)

.debug_aranges  0x00000000     0x11f8
 *(.debug_aranges)
 .debug_aranges
                0x00000000       0x28 USBtoSerial.o
 .debug_aranges
                0x00000028       0x20 Descriptors.o
 .debug_aranges
                0x00000048       0x98 USBTerminal.o
 .debug_aranges
                0x000000e0      0x120 CellularComm_SIM800.o
 .debug_aranges
                0x00000200       0xe8 CellularTCPIP_SIM800.o
 .debug_aranges
                0x000002e8       0x68 TCPIPConsole.o
 .debug_aranges
                0x00000350       0x50 Console.o
 .debug_aranges
                0x000003a0       0x70 CommandProcessor.o
 .debug_aranges
                0x00000410       0x68 WaterLevelDisplay.o
 .debug_aranges
                0x00000478       0x40 Display.o
 .debug_aranges
                0x000004b8       0x68 TFT_HXD8357D.o
 .debug_aranges
                0x00000520       0x40 PowerMonitor.o
 .debug_aranges
                0x00000560       0x28 SDCard.o
 .debug_aranges
                0x00000588       0xc8 SystemTime.o
 .debug_aranges
                0x00000650       0x80 SoftwareSerialTx.o
 .debug_aranges
                0x000006d0       0x50 SoftwareSerialRx0.o
 .debug_aranges
                0x00000720      0x138 SIM800.o
 .debug_aranges
                0x00000858       0x60 EEPROM_Util.o
 .debug_aranges
                0x000008b8      0x178 EEPROMStorage.o
 .debug_aranges
                0x00000a30       0x38 InternalTemperatureMonitor.o
 .debug_aranges
                0x00000a68       0x58 IOPortBitField.o
 .debug_aranges
                0x00000ac0       0x40 MessageIDQueue.o
 .debug_aranges
                0x00000b00       0x30 ByteQueue.o
 .debug_aranges
                0x00000b30       0x50 ADCManager.o
 .debug_aranges
                0x00000b80       0x30 SPIAsync.o
 .debug_aranges
                0x00000bb0       0x68 StringUtils.o
 .debug_aranges
                0x00000c18       0x78 CharString.o
 .debug_aranges
                0x00000c90       0x60 CharStringSpan.o
 .debug_aranges
                0x00000cf0       0x28 DisplayFonts.o
 .debug_aranges
                0x00000d18       0x38 ../../../LUFA/Drivers/USB/Class/Common/HIDParser.o
 .debug_aranges
                0x00000d50       0x20 ../../../LUFA/Drivers/USB/Core/AVR8/Device_AVR8.o
 .debug_aranges
                0x00000d70       0xc8 ../../../LUFA/Drivers/USB/Core/AVR8/EndpointStream_AVR8.o
 .debug_aranges
                0x00000e38       0x40 ../../../LUFA/Drivers/USB/Core/AVR8/Endpoint_AVR8.o
 .debug_aranges
                0x00000e78       0x30 ../../../LUFA/Drivers/USB/Core/AVR8/USBController_AVR8.o
 .debug_aranges
                0x00000ea8       0x38 ../../../LUFA/Drivers/USB/Core/AVR8/USBInterrupt_AVR8.o
 .debug_aranges
                0x00000ee0       0x38 ../../../LUFA/Drivers/USB/Core/ConfigDescriptors.o
 .debug_aranges
                0x00000f18       0x20 ../../../LUFA/Drivers/USB/Core/DeviceStandardReq.o
 .debug_aranges
                0x00000f38       0x20 ../../../LUFA/Drivers/USB/Core/Events.o
 .debug_aranges
                0x00000f58       0x20 ../../../LUFA/Drivers/USB/Core/USBTask.o
 .debug_aranges
                0x00000f78       0x30 ../../../LUFA/Drivers/USB/Class/Device/AudioClassDevice.o
 .debug_aranges
                0x00000fa8       0xa8 ../../../LUFA/Drivers/USB/Class/Device/CDCClassDevice.o
 .debug_aranges
                0x00001050       0x30 ../../../LUFA/Drivers/USB/Class/Device/HIDClassDevice.o
 .debug_aranges
                0x00001080       0x30 ../../../LUFA/Drivers/USB/Class/Device/MassStorageClassDevice.o
 .debug_aranges
                0x000010b0       0x40 ../../../LUFA/Drivers/USB/Class/Device/MIDIClassDevice.o
 .debug_aranges
                0x000010f0       0x90 ../../../LUFA/Drivers/USB/Class/Device/PrinterClassDevice.o
 .debug_aranges
                0x00001180       0x48 ../../../LUFA/Drivers/USB/Class/Device/RNDISClassDevice.o
 .debug_aranges
                0x000011c8       0x30 RAMSentinel.o

.debug_pubnames
                0x00000000     0x3781
 *(.debug_pubnames)
 .debug_pubnames
                0x00000000       0x2a USBtoSerial.o
 .debug_pubnames
                0x0000002a       0x9e Descriptors.o
 .debug_pubnames
                0x000000c8      0x28a USBTerminal.o
 .debug_pubnames
                0x00000352      0x429 CellularComm_SIM800.o
 .debug_pubnames
                0x0000077b      0x1ef CellularTCPIP_SIM800.o
 .debug_pubnames
                0x0000096a      0x10b TCPIPConsole.o
 .debug_pubnames
                0x00000a75       0xb0 Console.o
 .debug_pubnames
                0x00000b25       0xf5 CommandProcessor.o
 .debug_pubnames
                0x00000c1a       0xbe WaterLevelDisplay.o
 .debug_pubnames
                0x00000cd8       0x84 Display.o
 .debug_pubnames
                0x00000d5c       0xfb TFT_HXD8357D.o
 .debug_pubnames
                0x00000e57       0x9e PowerMonitor.o
 .debug_pubnames
                0x00000ef5       0x3d SDCard.o
 .debug_pubnames
                0x00000f32      0x273 SystemTime.o
 .debug_pubnames
                0x000011a5      0x151 SoftwareSerialTx.o
 .debug_pubnames
                0x000012f6       0xa9 SoftwareSerialRx0.o
 .debug_pubnames
                0x0000139f      0x684 SIM800.o
 .debug_pubnames
                0x00001a23       0xc8 EEPROM_Util.o
 .debug_pubnames
                0x00001aeb      0x7f1 EEPROMStorage.o
 .debug_pubnames
                0x000022dc       0xc1 InternalTemperatureMonitor.o
 .debug_pubnames
                0x0000239d       0xf7 IOPortBitField.o
 .debug_pubnames
                0x00002494       0x93 MessageIDQueue.o
 .debug_pubnames
                0x00002527       0x4b ByteQueue.o
 .debug_pubnames
                0x00002572       0x9f ADCManager.o
 .debug_pubnames
                0x00002611       0x52 SPIAsync.o
 .debug_pubnames
                0x00002663      0x142 StringUtils.o
 .debug_pubnames
                0x000027a5      0x13a CharString.o
 .debug_pubnames
                0x000028df      0x10b CharStringSpan.o
 .debug_pubnames
                0x000029ea       0x8d DisplayFonts.o
 .debug_pubnames
                0x00002a77       0x7e ../../../LUFA/Drivers/USB/Class/Common/HIDParser.o
 .debug_pubnames
                0x00002af5       0x32 ../../../LUFA/Drivers/USB/Core/AVR8/Device_AVR8.o
 .debug_pubnames
                0x00002b27      0x2df ../../../LUFA/Drivers/USB/Core/AVR8/EndpointStream_AVR8.o
 .debug_pubnames
                0x00002e06       0xaf ../../../LUFA/Drivers/USB/Core/AVR8/Endpoint_AVR8.o
 .debug_pubnames
                0x00002eb5       0x46 ../../../LUFA/Drivers/USB/Core/AVR8/USBController_AVR8.o
 .debug_pubnames
                0x00002efb       0x72 ../../../LUFA/Drivers/USB/Core/AVR8/USBInterrupt_AVR8.o
 .debug_pubnames
                0x00002f6d       0x9b ../../../LUFA/Drivers/USB/Core/ConfigDescriptors.o
 .debug_pubnames
                0x00003008       0xa1 ../../../LUFA/Drivers/USB/Core/DeviceStandardReq.o
 .debug_pubnames
                0x000030a9       0x25 ../../../LUFA/Drivers/USB/Core/Events.o
 .debug_pubnames
                0x000030ce       0x4f ../../../LUFA/Drivers/USB/Core/USBTask.o
 .debug_pubnames
                0x0000311d       0x79 ../../../LUFA/Drivers/USB/Class/Device/AudioClassDevice.o
 .debug_pubnames
                0x00003196      0x1c1 ../../../LUFA/Drivers/USB/Class/Device/CDCClassDevice.o
 .debug_pubnames
                0x00003357       0x70 ../../../LUFA/Drivers/USB/Class/Device/HIDClassDevice.o
 .debug_pubnames
                0x000033c7       0x6d ../../../LUFA/Drivers/USB/Class/Device/MassStorageClassDevice.o
 .debug_pubnames
                0x00003434       0xa6 ../../../LUFA/Drivers/USB/Class/Device/MIDIClassDevice.o
 .debug_pubnames
                0x000034da      0x16d ../../../LUFA/Drivers/USB/Class/Device/PrinterClassDevice.o
 .debug_pubnames
                0x00003647       0xd0 ../../../LUFA/Drivers/USB/Class/Device/RNDISClassDevice.o
 .debug_pubnames
                0x00003717       0x6a RAMSentinel.o

.debug_info     0x00000000    0x14de1
 *(.debug_info)
 .debug_info    0x00000000      0x10e USBtoSerial.o
 .debug_info    0x0000010e      0x69e Descriptors.o
 .debug_info    0x000007ac      0x935 USBTerminal.o
 .debug_info    0x000010e1     0x12f6 CellularComm_SIM800.o
 .debug_info    0x000023d7      0xd7a CellularTCPIP_SIM800.o
 .debug_info    0x00003151      0x41f TCPIPConsole.o
 .debug_info    0x00003570      0x4d5 Console.o
 .debug_info    0x00003a45      0xd4e CommandProcessor.o
 .debug_info    0x00004793      0x7c2 WaterLevelDisplay.o
 .debug_info    0x00004f55      0x6c2 Display.o
 .debug_info    0x00005617      0xf28 TFT_HXD8357D.o
 .debug_info    0x0000653f      0x2c4 PowerMonitor.o
 .debug_info    0x00006803       0x95 SDCard.o
 .debug_info    0x00006898      0x7fb SystemTime.o
 .debug_info    0x00007093      0x921 SoftwareSerialTx.o
 .debug_info    0x000079b4      0x239 SoftwareSerialRx0.o
 .debug_info    0x00007bed     0x1f5c SIM800.o
 .debug_info    0x00009b49      0x4b2 EEPROM_Util.o
 .debug_info    0x00009ffb      0xad7 EEPROMStorage.o
 .debug_info    0x0000aad2      0x243 InternalTemperatureMonitor.o
 .debug_info    0x0000ad15      0x314 IOPortBitField.o
 .debug_info    0x0000b029      0x1e5 MessageIDQueue.o
 .debug_info    0x0000b20e      0x1c9 ByteQueue.o
 .debug_info    0x0000b3d7      0x292 ADCManager.o
 .debug_info    0x0000b669       0xc2 SPIAsync.o
 .debug_info    0x0000b72b      0x9d3 StringUtils.o
 .debug_info    0x0000c0fe      0x41e CharString.o
 .debug_info    0x0000c51c      0x44f CharStringSpan.o
 .debug_info    0x0000c96b      0x290 DisplayFonts.o
 .debug_info    0x0000cbfb      0x6ee ../../../LUFA/Drivers/USB/Class/Common/HIDParser.o
 .debug_info    0x0000d2e9       0xc4 ../../../LUFA/Drivers/USB/Core/AVR8/Device_AVR8.o
 .debug_info    0x0000d3ad     0x15c2 ../../../LUFA/Drivers/USB/Core/AVR8/EndpointStream_AVR8.o
 .debug_info    0x0000e96f      0x5e0 ../../../LUFA/Drivers/USB/Core/AVR8/Endpoint_AVR8.o
 .debug_info    0x0000ef4f       0x61 ../../../LUFA/Drivers/USB/Core/AVR8/Host_AVR8.o
 .debug_info    0x0000efb0       0x61 ../../../LUFA/Drivers/USB/Core/AVR8/PipeStream_AVR8.o
 .debug_info    0x0000f011       0x61 ../../../LUFA/Drivers/USB/Core/AVR8/Pipe_AVR8.o
 .debug_info    0x0000f072      0x498 ../../../LUFA/Drivers/USB/Core/AVR8/USBController_AVR8.o
 .debug_info    0x0000f50a      0x695 ../../../LUFA/Drivers/USB/Core/AVR8/USBInterrupt_AVR8.o
 .debug_info    0x0000fb9f      0x34e ../../../LUFA/Drivers/USB/Core/ConfigDescriptors.o
 .debug_info    0x0000feed      0x99f ../../../LUFA/Drivers/USB/Core/DeviceStandardReq.o
 .debug_info    0x0001088c       0x79 ../../../LUFA/Drivers/USB/Core/Events.o
 .debug_info    0x00010905       0x61 ../../../LUFA/Drivers/USB/Core/HostStandardReq.o
 .debug_info    0x00010966      0x252 ../../../LUFA/Drivers/USB/Core/USBTask.o
 .debug_info    0x00010bb8      0x54c ../../../LUFA/Drivers/USB/Class/Device/AudioClassDevice.o
 .debug_info    0x00011104      0xc94 ../../../LUFA/Drivers/USB/Class/Device/CDCClassDevice.o
 .debug_info    0x00011d98      0x61b ../../../LUFA/Drivers/USB/Class/Device/HIDClassDevice.o
 .debug_info    0x000123b3      0x7b8 ../../../LUFA/Drivers/USB/Class/Device/MassStorageClassDevice.o
 .debug_info    0x00012b6b      0x4bd ../../../LUFA/Drivers/USB/Class/Device/MIDIClassDevice.o
 .debug_info    0x00013028      0xaba ../../../LUFA/Drivers/USB/Class/Device/PrinterClassDevice.o
 .debug_info    0x00013ae2      0xe4b ../../../LUFA/Drivers/USB/Class/Device/RNDISClassDevice.o
 .debug_info    0x0001492d       0x61 ../../../LUFA/Drivers/USB/Class/Host/AndroidAccessoryClassHost.o
 .debug_info    0x0001498e       0x61 ../../../LUFA/Drivers/USB/Class/Host/AudioClassHost.o
 .debug_info    0x000149ef       0x61 ../../../LUFA/Drivers/USB/Class/Host/CDCClassHost.o
 .debug_info    0x00014a50       0x61 ../../../LUFA/Drivers/USB/Class/Host/HIDClassHost.o
 .debug_info    0x00014ab1       0x61 ../../../LUFA/Drivers/USB/Class/Host/MassStorageClassHost.o
 .debug_info    0x00014b12       0x61 ../../../LUFA/Drivers/USB/Class/Host/MIDIClassHost.o
 .debug_info    0x00014b73       0x61 ../../../LUFA/Drivers/USB/Class/Host/PrinterClassHost.o
 .debug_info    0x00014bd4       0x61 ../../../LUFA/Drivers/USB/Class/Host/RNDISClassHost.o
 .debug_info    0x00014c35       0x61 ../../../LUFA/Drivers/USB/Class/Host/StillImageClassHost.o
 .debug_info    0x00014c96      0x14b RAMSentinel.o
 *(.gnu.linkonce.wi.*)

.debug_abbrev   0x00000000     0x506d
 *(.debug_abbrev)
 .debug_abbrev  0x00000000       0xbf USBtoSerial.o
 .debug_abbrev  0x000000bf      0x13c Descriptors.o
 .debug_abbrev  0x000001fb      0x241 USBTerminal.o
 .debug_abbrev  0x0000043c      0x32b CellularComm_SIM800.o
 .debug_abbrev  0x00000767      0x2c3 CellularTCPIP_SIM800.o
 .debug_abbrev  0x00000a2a      0x15b TCPIPConsole.o
 .debug_abbrev  0x00000b85      0x1a8 Console.o
 .debug_abbrev  0x00000d2d      0x25b CommandProcessor.o
 .debug_abbrev  0x00000f88      0x24b WaterLevelDisplay.o
 .debug_abbrev  0x000011d3      0x1c0 Display.o
 .debug_abbrev  0x00001393      0x312 TFT_HXD8357D.o
 .debug_abbrev  0x000016a5      0x15b PowerMonitor.o
 .debug_abbrev  0x00001800       0x58 SDCard.o
 .debug_abbrev  0x00001858      0x236 SystemTime.o
 .debug_abbrev  0x00001a8e      0x1d4 SoftwareSerialTx.o
 .debug_abbrev  0x00001c62       0xe8 SoftwareSerialRx0.o
 .debug_abbrev  0x00001d4a      0x399 SIM800.o
 .debug_abbrev  0x000020e3      0x13b EEPROM_Util.o
 .debug_abbrev  0x0000221e      0x1ac EEPROMStorage.o
 .debug_abbrev  0x000023ca      0x100 InternalTemperatureMonitor.o
 .debug_abbrev  0x000024ca      0x100 IOPortBitField.o
 .debug_abbrev  0x000025ca       0xf4 MessageIDQueue.o
 .debug_abbrev  0x000026be       0xf1 ByteQueue.o
 .debug_abbrev  0x000027af      0x183 ADCManager.o
 .debug_abbrev  0x00002932       0x7b SPIAsync.o
 .debug_abbrev  0x000029ad      0x225 StringUtils.o
 .debug_abbrev  0x00002bd2      0x113 CharString.o
 .debug_abbrev  0x00002ce5      0x16e CharStringSpan.o
 .debug_abbrev  0x00002e53      0x129 DisplayFonts.o
 .debug_abbrev  0x00002f7c      0x201 ../../../LUFA/Drivers/USB/Class/Common/HIDParser.o
 .debug_abbrev  0x0000317d       0x79 ../../../LUFA/Drivers/USB/Core/AVR8/Device_AVR8.o
 .debug_abbrev  0x000031f6      0x1b4 ../../../LUFA/Drivers/USB/Core/AVR8/EndpointStream_AVR8.o
 .debug_abbrev  0x000033aa      0x1f4 ../../../LUFA/Drivers/USB/Core/AVR8/Endpoint_AVR8.o
 .debug_abbrev  0x0000359e       0x33 ../../../LUFA/Drivers/USB/Core/AVR8/Host_AVR8.o
 .debug_abbrev  0x000035d1       0x33 ../../../LUFA/Drivers/USB/Core/AVR8/PipeStream_AVR8.o
 .debug_abbrev  0x00003604       0x33 ../../../LUFA/Drivers/USB/Core/AVR8/Pipe_AVR8.o
 .debug_abbrev  0x00003637      0x134 ../../../LUFA/Drivers/USB/Core/AVR8/USBController_AVR8.o
 .debug_abbrev  0x0000376b      0x1e1 ../../../LUFA/Drivers/USB/Core/AVR8/USBInterrupt_AVR8.o
 .debug_abbrev  0x0000394c      0x15c ../../../LUFA/Drivers/USB/Core/ConfigDescriptors.o
 .debug_abbrev  0x00003aa8      0x24f ../../../LUFA/Drivers/USB/Core/DeviceStandardReq.o
 .debug_abbrev  0x00003cf7       0x4a ../../../LUFA/Drivers/USB/Core/Events.o
 .debug_abbrev  0x00003d41       0x33 ../../../LUFA/Drivers/USB/Core/HostStandardReq.o
 .debug_abbrev  0x00003d74      0x174 ../../../LUFA/Drivers/USB/Core/USBTask.o
 .debug_abbrev  0x00003ee8      0x169 ../../../LUFA/Drivers/USB/Class/Device/AudioClassDevice.o
 .debug_abbrev  0x00004051      0x319 ../../../LUFA/Drivers/USB/Class/Device/CDCClassDevice.o
 .debug_abbrev  0x0000436a      0x1b1 ../../../LUFA/Drivers/USB/Class/Device/HIDClassDevice.o
 .debug_abbrev  0x0000451b      0x20f ../../../LUFA/Drivers/USB/Class/Device/MassStorageClassDevice.o
 .debug_abbrev  0x0000472a      0x18a ../../../LUFA/Drivers/USB/Class/Device/MIDIClassDevice.o
 .debug_abbrev  0x000048b4      0x262 ../../../LUFA/Drivers/USB/Class/Device/PrinterClassDevice.o
 .debug_abbrev  0x00004b16      0x2b0 ../../../LUFA/Drivers/USB/Class/Device/RNDISClassDevice.o
 .debug_abbrev  0x00004dc6       0x33 ../../../LUFA/Drivers/USB/Class/Host/AndroidAccessoryClassHost.o
 .debug_abbrev  0x00004df9       0x33 ../../../LUFA/Drivers/USB/Class/Host/AudioClassHost.o
 .debug_abbrev  0x00004e2c       0x33 ../../../LUFA/Drivers/USB/Class/Host/CDCClassHost.o
 .debug_abbrev  0x00004e5f       0x33 ../../../LUFA/Drivers/USB/Class/Host/HIDClassHost.o
 .debug_abbrev  0x00004e92       0x33 ../../../LUFA/Drivers/USB/Class/Host/MassStorageClassHost.o
 .debug_abbrev  0x00004ec5       0x33 ../../../LUFA/Drivers/USB/Class/Host/MIDIClassHost.o
 .debug_abbrev  0x00004ef8       0x33 ../../../LUFA/Drivers/USB/Class/Host/PrinterClassHost.o
 .debug_abbrev  0x00004f2b       0x33 ../../../LUFA/Drivers/USB/Class/Host/RNDISClassHost.o
 .debug_abbrev  0x00004f5e       0x33 ../../../LUFA/Drivers/USB/Class/Host/StillImageClassHost.o
 .debug_abbrev  0x00004f91       0xdc RAMSentinel.o

.debug_line     0x00000000     0xecc1
 *(.debug_line)
 .debug_line    0x00000000      0x1f4 USBtoSerial.o
 .debug_line    0x000001f4      0x1b3 Descriptors.o
 .debug_line    0x000003a7      0x5d0 USBTerminal.o
 .debug_line    0x00000977      0xc0c CellularComm_SIM800.o
 .debug_line    0x00001583      0x8c3 CellularTCPIP_SIM800.o
 .debug_line    0x00001e46      0x31b TCPIPConsole.o
 .debug_line    0x00002161      0x31d Console.o
 .debug_line    0x0000247e      0x854 CommandProcessor.o
 .debug_line    0x00002cd2      0x61e WaterLevelDisplay.o
 .debug_line    0x000032f0      0x6e4 Display.o
 .debug_line    0x000039d4      0x89d TFT_HXD8357D.o
 .debug_line    0x00004271      0x237 PowerMonitor.o
 .debug_line    0x000044a8       0xa6 SDCard.o
 .debug_line    0x0000454e      0x739 SystemTime.o
 .debug_line    0x00004c87      0x4c5 SoftwareSerialTx.o
 .debug_line    0x0000514c      0x2a3 SoftwareSerialRx0.o
 .debug_line    0x000053ef      0xdaf SIM800.o
 .debug_line    0x0000619e      0x2bc EEPROM_Util.o
 .debug_line    0x0000645a      0x804 EEPROMStorage.o
 .debug_line    0x00006c5e      0x1af InternalTemperatureMonitor.o
 .debug_line    0x00006e0d      0x2df IOPortBitField.o
 .debug_line    0x000070ec      0x181 MessageIDQueue.o
 .debug_line    0x0000726d      0x1a3 ByteQueue.o
 .debug_line    0x00007410      0x242 ADCManager.o
 .debug_line    0x00007652      0x133 SPIAsync.o
 .debug_line    0x00007785      0x5e6 StringUtils.o
 .debug_line    0x00007d6b      0x2da CharString.o
 .debug_line    0x00008045      0x2bb CharStringSpan.o
 .debug_line    0x00008300       0xee DisplayFonts.o
 .debug_line    0x000083ee      0x59d ../../../LUFA/Drivers/USB/Class/Common/HIDParser.o
 .debug_line    0x0000898b      0x12d ../../../LUFA/Drivers/USB/Core/AVR8/Device_AVR8.o
 .debug_line    0x00008ab8     0x17fc ../../../LUFA/Drivers/USB/Core/AVR8/EndpointStream_AVR8.o
 .debug_line    0x0000a2b4      0x4f2 ../../../LUFA/Drivers/USB/Core/AVR8/Endpoint_AVR8.o
 .debug_line    0x0000a7a6       0x3e ../../../LUFA/Drivers/USB/Core/AVR8/Host_AVR8.o
 .debug_line    0x0000a7e4       0x3e ../../../LUFA/Drivers/USB/Core/AVR8/PipeStream_AVR8.o
 .debug_line    0x0000a822       0x3e ../../../LUFA/Drivers/USB/Core/AVR8/Pipe_AVR8.o
 .debug_line    0x0000a860      0x3a1 ../../../LUFA/Drivers/USB/Core/AVR8/USBController_AVR8.o
 .debug_line    0x0000ac01      0x622 ../../../LUFA/Drivers/USB/Core/AVR8/USBInterrupt_AVR8.o
 .debug_line    0x0000b223      0x246 ../../../LUFA/Drivers/USB/Core/ConfigDescriptors.o
 .debug_line    0x0000b469      0x578 ../../../LUFA/Drivers/USB/Core/DeviceStandardReq.o
 .debug_line    0x0000b9e1       0x83 ../../../LUFA/Drivers/USB/Core/Events.o
 .debug_line    0x0000ba64       0x3e ../../../LUFA/Drivers/USB/Core/HostStandardReq.o
 .debug_line    0x0000baa2      0x1b0 ../../../LUFA/Drivers/USB/Core/USBTask.o
 .debug_line    0x0000bc52      0x4ef ../../../LUFA/Drivers/USB/Class/Device/AudioClassDevice.o
 .debug_line    0x0000c141      0x991 ../../../LUFA/Drivers/USB/Class/Device/CDCClassDevice.o
 .debug_line    0x0000cad2      0x5ab ../../../LUFA/Drivers/USB/Class/Device/HIDClassDevice.o
 .debug_line    0x0000d07d      0x5ab ../../../LUFA/Drivers/USB/Class/Device/MassStorageClassDevice.o
 .debug_line    0x0000d628      0x3ab ../../../LUFA/Drivers/USB/Class/Device/MIDIClassDevice.o
 .debug_line    0x0000d9d3      0x826 ../../../LUFA/Drivers/USB/Class/Device/PrinterClassDevice.o
 .debug_line    0x0000e1f9      0x76c ../../../LUFA/Drivers/USB/Class/Device/RNDISClassDevice.o
 .debug_line    0x0000e965       0x3e ../../../LUFA/Drivers/USB/Class/Host/AndroidAccessoryClassHost.o
 .debug_line    0x0000e9a3       0x3e ../../../LUFA/Drivers/USB/Class/Host/AudioClassHost.o
 .debug_line    0x0000e9e1       0x3e ../../../LUFA/Drivers/USB/Class/Host/CDCClassHost.o
 .debug_line    0x0000ea1f       0x3e ../../../LUFA/Drivers/USB/Class/Host/HIDClassHost.o
 .debug_line    0x0000ea5d       0x3e ../../../LUFA/Drivers/USB/Class/Host/MassStorageClassHost.o
 .debug_line    0x0000ea9b       0x3e ../../../LUFA/Drivers/USB/Class/Host/MIDIClassHost.o
 .debug_line    0x0000ead9       0x3e ../../../LUFA/Drivers/USB/Class/Host/PrinterClassHost.o
 .debug_line    0x0000eb17       0x3e ../../../LUFA/Drivers/USB/Class/Host/RNDISClassHost.o
 .debug_line    0x0000eb55       0x3e ../../../LUFA/Drivers/USB/Class/Host/StillImageClassHost.o
 .debug_line    0x0000eb93      0x12e RAMSentinel.o

.debug_frame    0x00000000     0x1e10
 *(.debug_frame)
 .debug_frame   0x00000000       0x30 USBtoSerial.o
 .debug_frame   0x00000030       0x20 Descriptors.o
 .debug_frame   0x00000050      0x110 USBTerminal.o
 .debug_frame   0x00000160      0x220 CellularComm_SIM800.o
 .debug_frame   0x00000380      0x1b0 CellularTCPIP_SIM800.o
 .debug_frame   0x00000530       0xb0 TCPIPConsole.o
 .debug_frame   0x000005e0       0x80 Console.o
 .debug_frame   0x00000660       0xc0 CommandProcessor.o
 .debug_frame   0x00000720       0xb0 WaterLevelDisplay.o
 .debug_frame   0x000007d0       0x60 Display.o
 .debug_frame   0x00000830       0xb0 TFT_HXD8357D.o
 .debug_frame   0x000008e0       0x60 PowerMonitor.o
 .debug_frame   0x00000940       0x30 SDCard.o
 .debug_frame   0x00000970      0x170 SystemTime.o
 .debug_frame   0x00000ae0       0xe0 SoftwareSerialTx.o
 .debug_frame   0x00000bc0       0x80 SoftwareSerialRx0.o
 .debug_frame   0x00000c40      0x250 SIM800.o
 .debug_frame   0x00000e90       0xa0 EEPROM_Util.o
 .debug_frame   0x00000f30      0x2d0 EEPROMStorage.o
 .debug_frame   0x00001200       0x50 InternalTemperatureMonitor.o
 .debug_frame   0x00001250       0x90 IOPortBitField.o
 .debug_frame   0x000012e0       0x60 MessageIDQueue.o
 .debug_frame   0x00001340       0x40 ByteQueue.o
 .debug_frame   0x00001380       0x80 ADCManager.o
 .debug_frame   0x00001400       0x40 SPIAsync.o
 .debug_frame   0x00001440       0xb0 StringUtils.o
 .debug_frame   0x000014f0       0xd0 CharString.o
 .debug_frame   0x000015c0       0xa0 CharStringSpan.o
 .debug_frame   0x00001660       0x30 DisplayFonts.o
 .debug_frame   0x00001690       0x50 ../../../LUFA/Drivers/USB/Class/Common/HIDParser.o
 .debug_frame   0x000016e0       0x20 ../../../LUFA/Drivers/USB/Core/AVR8/Device_AVR8.o
 .debug_frame   0x00001700      0x170 ../../../LUFA/Drivers/USB/Core/AVR8/EndpointStream_AVR8.o
 .debug_frame   0x00001870       0x60 ../../../LUFA/Drivers/USB/Core/AVR8/Endpoint_AVR8.o
 .debug_frame   0x000018d0       0x40 ../../../LUFA/Drivers/USB/Core/AVR8/USBController_AVR8.o
 .debug_frame   0x00001910       0x50 ../../../LUFA/Drivers/USB/Core/AVR8/USBInterrupt_AVR8.o
 .debug_frame   0x00001960       0x50 ../../../LUFA/Drivers/USB/Core/ConfigDescriptors.o